Component: ARM Compiler 5.06 update 7 (build 960) Tool: armlink [4d3601]

==============================================================================

Section Cross References

    startup_stm32f10x_hd.o(RESET) refers to startup_stm32f10x_hd.o(STACK) for __initial_sp
    startup_stm32f10x_hd.o(RESET) refers to startup_stm32f10x_hd.o(.text) for Reset_Handler
    startup_stm32f10x_hd.o(RESET) refers to stm32f10x_it.o(.text) for NMI_Handler
    startup_stm32f10x_hd.o(RESET) refers to main.o(.text) for DMA1_Channel1_IRQHandler
    startup_stm32f10x_hd.o(.text) refers to system_stm32f10x.o(.text) for SystemInit
    startup_stm32f10x_hd.o(.text) refers to entry.o(.ARM.Collect$$$$00000000) for __main
    system_stm32f10x.o(.text) refers to system_stm32f10x.o(.data) for SystemCoreClock
    stm32f10x_bkp.o(.text) refers to stm32f10x_rcc.o(.text) for RCC_BackupResetCmd
    stm32f10x_gpio.o(.text) refers to stm32f10x_rcc.o(.text) for RCC_APB2PeriphResetCmd
    stm32f10x_rcc.o(.text) refers to stm32f10x_rcc.o(.data) for APBAHBPrescTable
    stm32f10x_spi.o(.text) refers to stm32f10x_rcc.o(.text) for RCC_APB2PeriphResetCmd
    stm32f10x_tim.o(.text) refers to stm32f10x_rcc.o(.text) for RCC_APB2PeriphResetCmd
    stm32f10x_usart.o(.text) refers to stm32f10x_rcc.o(.text) for RCC_APB2PeriphResetCmd
    stm32f10x_adc.o(.text) refers to stm32f10x_rcc.o(.text) for RCC_APB2PeriphResetCmd
    main.o(.text) refers to tcp_demo.o(.text) for do_tcp_client
    main.o(.text) refers to ffltui.o(.text) for __aeabi_ui2f
    main.o(.text) refers to fdiv.o(.text) for __aeabi_fdiv
    main.o(.text) refers to f2d.o(.text) for __aeabi_f2d
    main.o(.text) refers to dmul.o(.text) for __aeabi_dmul
    main.o(.text) refers to dfixui.o(.text) for __aeabi_d2uiz
    main.o(.text) refers to stm32f10x_adc.o(.text) for ADC_SoftwareStartConvCmd
    main.o(.text) refers to stm32f10x_rcc.o(.text) for RCC_APB2PeriphClockCmd
    main.o(.text) refers to stm32f10x_gpio.o(.text) for GPIO_PinRemapConfig
    main.o(.text) refers to utility.o(.text) for systick_init
    main.o(.text) refers to bsp_usart1.o(.text) for USART1_Config
    main.o(.text) refers to bsp_i2c_gpio.o(.text) for i2c_CfgGpio
    main.o(.text) refers to w5500_conf.o(.text) for gpio_for_w5500_config
    main.o(.text) refers to w5500.o(.text) for socket_buf_init
    main.o(.text) refers to dma_adc.o(.text) for ADC_Initializes
    main.o(.text) refers to stm32f10x_usart.o(.text) for USART_SendData
    main.o(.text) refers to main.o(.bss) for VoltageS
    main.o(.text) refers to main.o(.data) for Voltage_max
    main.o(.text) refers to tcp_demo.o(.bss) for Voltage
    main.o(.text) refers to dma_adc.o(.data) for ADC_ConvertedValue
    main.o(.text) refers to w5500.o(.data) for rxsize
    main.o(.text) refers to stm32f10x_dma.o(.text) for DMA_GetITStatus
    stm32f10x_it.o(.text) refers to stm32f10x_tim.o(.text) for TIM_GetITStatus
    stm32f10x_it.o(.text) refers to w5500_conf.o(.text) for timer2_isr
    bsp_usart1.o(.text) refers to stm32f10x_rcc.o(.text) for RCC_APB2PeriphClockCmd
    bsp_usart1.o(.text) refers to stm32f10x_gpio.o(.text) for GPIO_Init
    bsp_usart1.o(.text) refers to stm32f10x_usart.o(.text) for USART_Init
    bsp_led_1.o(.text) refers to stm32f10x_rcc.o(.text) for RCC_APB2PeriphClockCmd
    bsp_led_1.o(.text) refers to stm32f10x_gpio.o(.text) for GPIO_Init
    bsp_i2c_ee.o(.text) refers to bsp_i2c_gpio.o(.text) for i2c_CheckDevice
    bsp_i2c_ee.o(.text) refers to printf8.o(i.__0printf$8) for __2printf
    bsp_i2c_gpio.o(.text) refers to stm32f10x_rcc.o(.text) for RCC_APB2PeriphClockCmd
    bsp_i2c_gpio.o(.text) refers to stm32f10x_gpio.o(.text) for GPIO_Init
    bsp_timbase.o(.text) refers to misc.o(.text) for NVIC_PriorityGroupConfig
    bsp_timbase.o(.text) refers to stm32f10x_rcc.o(.text) for RCC_APB1PeriphClockCmd
    bsp_timbase.o(.text) refers to stm32f10x_tim.o(.text) for TIM_TimeBaseInit
    w5500_conf.o(.text) refers to w5500.o(.text) for setSUBR
    w5500_conf.o(.text) refers to stm32f10x_rcc.o(.text) for RCC_APB2PeriphClockCmd
    w5500_conf.o(.text) refers to stm32f10x_gpio.o(.text) for GPIO_Init
    w5500_conf.o(.text) refers to stm32f10x_spi.o(.text) for SPI_Init
    w5500_conf.o(.text) refers to utility.o(.text) for delay_us
    w5500_conf.o(.text) refers to printf8.o(i.__0printf$8) for __2printf
    w5500_conf.o(.text) refers to bsp_i2c_ee.o(.text) for ee_WriteBytes
    w5500_conf.o(.text) refers to bsp_timbase.o(.text) for TIM2_Configuration
    w5500_conf.o(.text) refers to w5500_conf.o(.bss) for ConfigMsg
    w5500_conf.o(.text) refers to w5500_conf.o(.data) for mac
    w5500_conf.o(.text) refers to dhcp.o(.bss) for DHCP_GET
    w5500.o(.text) refers to w5500_conf.o(.text) for IINCHIP_WRITE
    w5500.o(.text) refers to printf8.o(i.__0printf$8) for __2printf
    w5500.o(.text) refers to w5500.o(.data) for RSIZE
    socket.o(.text) refers to w5500_conf.o(.text) for IINCHIP_WRITE
    socket.o(.text) refers to w5500.o(.text) for getSn_IR
[...]
    init.o(.text) refers to entry5.o(.ARM.Collect$$$$00000004) for __main_after_scatterload


==============================================================================

Removing Unused input sections from the image.

    Removing startup_stm32f10x_hd.o(HEAP), (512 bytes).
    Removing core_cm3.o(.emb_text), (32 bytes).
    Removing stm32f10x_bkp.o(.text), (196 bytes).
    Removing stm32f10x_exti.o(.text), (284 bytes).
    Removing stm32f10x_flash.o(.text), (1468 bytes).
    Removing bsp_led_1.o(.text), (172 bytes).
    Removing dhcp.o(.text), (3712 bytes).
    Removing dhcp.o(.conststring), (5 bytes).
    Removing dhcp.o(.data), (64 bytes).

9 unused section(s) (total 6445 bytes) removed from the image.

==============================================================================

Image Symbol Table

    Local Symbols

    Symbol Name                              Value     Ov Type        Size  Object(Section)

    ../clib/microlib/division.c              0x00000000   Number         0  uldiv.o ABSOLUTE
    ../clib/microlib/division.c              0x00000000   Number         0  uidiv.o ABSOLUTE
    ../clib/microlib/init/entry.s            0x00000000   Number         0  entry8a.o ABSOLUTE
    ../clib/microlib/init/entry.s            0x00000000   Number         0  entry7b.o ABSOLUTE
    ../clib/microlib/init/entry.s            0x00000000   Number         0  entry9a.o ABSOLUTE
    ../clib/microlib/init/entry.s            0x00000000   Number         0  entry7a.o ABSOLUTE
    ../clib/microlib/init/entry.s            0x00000000   Number         0  entry11b.o ABSOLUTE
    ../clib/microlib/init/entry.s            0x00000000   Number         0  entry12a.o ABSOLUTE
    ../clib/microlib/init/entry.s            0x00000000   Number         0  entry2.o ABSOLUTE
    ../clib/microlib/init/entry.s            0x00000000   Number         0  entry9b.o ABSOLUTE
    ../clib/microlib/init/entry.s            0x00000000   Number         0  entry12b.o ABSOLUTE
    ../clib/microlib/init/entry.s            0x00000000   Number         0  entry10a.o ABSOLUTE
    ../clib/microlib/init/entry.s            0x00000000   Number         0  entry5.o ABSOLUTE
    ../clib/microlib/init/entry.s            0x00000000   Number         0  entry10b.o ABSOLUTE
    ../clib/microlib/init/entry.s            0x00000000   Number         0  entry.o ABSOLUTE
    ../clib/microlib/init/entry.s            0x00000000   Number         0  entry11a.o ABSOLUTE
    ../clib/microlib/init/entry.s            0x00000000   Number         0  entry8b.o ABSOLUTE
    ../clib/microlib/longlong.c              0x00000000   Number         0  llshl.o ABSOLUTE
    ../clib/microlib/longlong.c              0x00000000   Number         0  llsshr.o ABSOLUTE
    ../clib/microlib/longlong.c              0x00000000   Number         0  llushr.o ABSOLUTE
    ../clib/microlib/printf/printf.c         0x00000000   Number         0  printf1.o ABSOLUTE
    ../clib/microlib/printf/printf.c         0x00000000   Number         0  printf2.o ABSOLUTE
    ../clib/microlib/printf/printf.c         0x00000000   Number         0  printf3.o ABSOLUTE
    ../clib/microlib/printf/printf.c         0x00000000   Number         0  printf4.o ABSOLUTE
    ../clib/microlib/printf/printf.c         0x00000000   Number         0  printf5.o ABSOLUTE
    ../clib/microlib/printf/printf.c         0x00000000   Number         0  printf6.o ABSOLUTE
    ../clib/microlib/printf/printf.c         0x00000000   Number         0  printfb.o ABSOLUTE
    ../clib/microlib/printf/printf.c         0x00000000   Number         0  printf8.o ABSOLUTE
    ../clib/microlib/printf/printf.c         0x00000000   Number         0  printfa.o ABSOLUTE
    ../clib/microlib/printf/printf.c         0x00000000   Number         0  printf7.o ABSOLUTE
    ../clib/microlib/printf/printf.c         0x00000000   Number         0  printf0.o ABSOLUTE
    ../clib/microlib/printf/stubs.s          0x00000000   Number         0  stubs.o ABSOLUTE
    ../clib/microlib/stdio/streams.c         0x00000000   Number         0  stdout.o ABSOLUTE
    ../clib/microlib/string/memcmp.c         0x00000000   Number         0  memcmp.o ABSOLUTE
    ../clib/microlib/string/memset.c         0x00000000   Number         0  memseta.o ABSOLUTE
    ../clib/microlib/string/strcpy.c         0x00000000   Number         0  strcpy.o ABSOLUTE
    ../clib/microlib/string/strlen.c         0x00000000   Number         0  strlen.o ABSOLUTE
    ../clib/microlib/string/strncpy.c        0x00000000   Number         0  strncpy.o ABSOLUTE
    ../clib/microlib/string/strstr.c         0x00000000   Number         0  strstr.o ABSOLUTE
    ../clib/microlib/string/strtok.c         0x00000000   Number         0  strtok_r.o ABSOLUTE
    ../clib/microlib/string/strtok.c         0x00000000   Number         0  strtok.o ABSOLUTE
    ../clib/microlib/stubs.s                 0x00000000   Number         0  iusefp.o ABSOLUTE
    ../fplib/microlib/f2d.c                  0x00000000   Number         0  f2d.o ABSOLUTE
    ../fplib/microlib/fpadd.c                0x00000000   Number         0  dadd.o ABSOLUTE
    ../fplib/microlib/fpdiv.c                0x00000000   Number         0  fdiv.o ABSOLUTE
    ../fplib/microlib/fpdiv.c                0x00000000   Number         0  ddiv.o ABSOLUTE
    ../fplib/microlib/fpepilogue.c           0x00000000   Number         0  fepilogue.o ABSOLUTE
    ../fplib/microlib/fpepilogue.c           0x00000000   Number         0  depilogue.o ABSOLUTE
    ../fplib/microlib/fpfix.c                0x00000000   Number         0  dfixui.o ABSOLUTE
    ../fplib/microlib/fpfix.c                0x00000000   Number         0  dfixul.o ABSOLUTE
    ../fplib/microlib/fpflt.c                0x00000000   Number         0  ffltui.o ABSOLUTE
    ../fplib/microlib/fpmul.c                0x00000000   Number         0  dmul.o ABSOLUTE
    ..\..\Libraries\CMSIS\core_cm3.c         0x00000000   Number         0  core_cm3.o ABSOLUTE
    ..\..\Libraries\CMSIS\startup\startup_stm32f10x_hd.s 0x00000000   Number         0  startup_stm32f10x_hd.o ABSOLUTE
    ..\..\Libraries\CMSIS\system_stm32f10x.c 0x00000000   Number         0  system_stm32f10x.o ABSOLUTE
    ..\..\Libraries\FWlib\src\misc.c         0x00000000   Number         0  misc.o ABSOLUTE
    ..\..\Libraries\FWlib\src\stm32f10x_adc.c 0x00000000   Number         0  stm32f10x_adc.o ABSOLUTE
    ..\..\Libraries\FWlib\src\stm32f10x_bkp.c 0x00000000   Number         0  stm32f10x_bkp.o ABSOLUTE
    ..\..\Libraries\FWlib\src\stm32f10x_dma.c 0x00000000   Number         0  stm32f10x_dma.o ABSOLUTE
    ..\..\Libraries\FWlib\src\stm32f10x_exti.c 0x00000000   Number         0  stm32f10x_exti.o ABSOLUTE
    ..\..\Libraries\FWlib\src\stm32f10x_flash.c 0x00000000   Number         0  stm32f10x_flash.o ABSOLUTE
    ..\..\Libraries\FWlib\src\stm32f10x_gpio.c 0x00000000   Number         0  stm32f10x_gpio.o ABSOLUTE
    ..\..\Libraries\FWlib\src\stm32f10x_rcc.c 0x00000000   Number         0  stm32f10x_rcc.o ABSOLUTE
    ..\..\Libraries\FWlib\src\stm32f10x_spi.c 0x00000000   Number         0  stm32f10x_spi.o ABSOLUTE
    ..\..\Libraries\FWlib\src\stm32f10x_tim.c 0x00000000   Number         0  stm32f10x_tim.o ABSOLUTE
    ..\..\Libraries\FWlib\src\stm32f10x_usart.c 0x00000000   Number         0  stm32f10x_usart.o ABSOLUTE
    ..\..\User\DMA_ADC\DMA_ADC.C             0x00000000   Number         0  dma_adc.o ABSOLUTE
    ..\..\User\Ethernet\Internet\dhcp.c      0x00000000   Number         0  dhcp.o ABSOLUTE
    ..\..\User\Ethernet\Internet\tcp_demo.c  0x00000000   Number         0  tcp_demo.o ABSOLUTE
    ..\..\User\Ethernet\W5500\socket.c       0x00000000   Number         0  socket.o ABSOLUTE
    ..\..\User\Ethernet\W5500\utility.c      0x00000000   Number         0  utility.o ABSOLUTE
    ..\..\User\Ethernet\W5500\w5500.c        0x00000000   Number         0  w5500.o ABSOLUTE
    ..\..\User\Ethernet\W5500\w5500_conf.c   0x00000000   Number         0  w5500_conf.o ABSOLUTE
    ..\..\User\I2C_EEPROM\bsp_i2c_ee.c       0x00000000   Number         0  bsp_i2c_ee.o ABSOLUTE
    ..\..\User\I2C_EEPROM\bsp_i2c_gpio.c     0x00000000   Number         0  bsp_i2c_gpio.o ABSOLUTE
    ..\..\User\TimBase\bsp_TiMbase.c         0x00000000   Number         0  bsp_timbase.o ABSOLUTE
    ..\..\User\led\bsp_led.c                 0x00000000   Number         0  bsp_led_1.o ABSOLUTE
    ..\..\User\main.c                        0x00000000   Number         0  main.o ABSOLUTE
    ..\..\User\stm32f10x_it.c                0x00000000   Number         0  stm32f10x_it.o ABSOLUTE
    ..\..\User\usart\bsp_usart1.c            0x00000000   Number         0  bsp_usart1.o ABSOLUTE
    ..\\..\\Libraries\\CMSIS\\core_cm3.c     0x00000000   Number         0  core_cm3.o ABSOLUTE
    cdrcmple.s                               0x00000000   Number         0  cdrcmple.o ABSOLUTE
    dc.s                                     0x00000000   Number         0  dc.o ABSOLUTE
    handlers.s                               0x00000000   Number         0  handlers.o ABSOLUTE
    init.s                                   0x00000000   Number         0  init.o ABSOLUTE
    RESET                                    0x08000000   Section      304  startup_stm32f10x_hd.o(RESET)
    .ARM.Collect$$$$00000000                 0x08000130   Section        0  entry.o(.ARM.Collect$$$$00000000)
    .ARM.Collect$$$$00000001                 0x08000130   Section        4  entry2.o(.ARM.Collect$$$$00000001)
    .ARM.Collect$$$$00000004                 0x08000134   Section        4  entry5.o(.ARM.Collect$$$$00000004)
    .ARM.Collect$$$$00000008                 0x08000138   Section        0  entry7b.o(.ARM.Collect$$$$00000008)
    .ARM.Collect$$$$0000000A                 0x08000138   Section        0  entry8b.o(.ARM.Collect$$$$0000000A)
    .ARM.Collect$$$$0000000B                 0x08000138   Section        8  entry9a.o(.ARM.Collect$$$$0000000B)
    .ARM.Collect$$$$0000000E                 0x08000140   Section        4  entry12b.o(.ARM.Collect$$$$0000000E)
    .ARM.Collect$$$$0000000F                 0x08000144   Section        0  entry10a.o(.ARM.Collect$$$$0000000F)
    .ARM.Collect$$$$00000011                 0x08000144   Section        0  entry11a.o(.ARM.Collect$$$$00000011)
    .ARM.Collect$$$$00002712                 0x08000144   Section        4  entry2.o(.ARM.Collect$$$$00002712)
    __lit__00000000                          0x08000144   Data           4  entry2.o(.ARM.Collect$$$$00002712)
    .text                                    0x08000148   Section       36  startup_stm32f10x_hd.o(.text)
    .text                                    0x0800016c   Section        0  system_stm32f10x.o(.text)
    SetSysClockTo72                          0x0800016d   Thumb Code   214  system_stm32f10x.o(.text)
    SetSysClock                              0x08000243   Thumb Code     8  system_stm32f10x.o(.text)
    .text                                    0x0800034c   Section        0  misc.o(.text)
    .text                                    0x08000428   Section        0  stm32f10x_gpio.o(.text)
    .text                                    0x08000784   Section        0  stm32f10x_rcc.o(.text)
    .text                                    0x08000b28   Section        0  stm32f10x_spi.o(.text)
    .text                                    0x08000e34   Section        0  stm32f10x_tim.o(.text)
    TI4_Config                               0x080012db   Thumb Code   130  stm32f10x_tim.o(.text)
    TI3_Config                               0x0800136f   Thumb Code   122  stm32f10x_tim.o(.text)
    TI2_Config                               0x08001403   Thumb Code   130  stm32f10x_tim.o(.text)
    TI1_Config                               0x08001497   Thumb Code   108  stm32f10x_tim.o(.text)
    .text                                    0x08001c50   Section        0  stm32f10x_usart.o(.text)
    .text                                    0x08002058   Section        0  stm32f10x_adc.o(.text)
    .text                                    0x080024a8   Section        0  stm32f10x_dma.o(.text)
    .text                                    0x080026fc   Section        0  main.o(.text)
    .text                                    0x08002ca4   Section        0  stm32f10x_it.o(.text)
    .text                                    0x08002cd8   Section        0  bsp_usart1.o(.text)
    .text                                    0x08002d8c   Section        0  bsp_i2c_ee.o(.text)
    ee_Delay                                 0x08002ec9   Thumb Code    18  bsp_i2c_ee.o(.text)
    .text                                    0x08003078   Section        0  bsp_i2c_gpio.o(.text)
    i2c_Delay                                0x08003079   Thumb Code    14  bsp_i2c_gpio.o(.text)
    .text                                    0x08003234   Section        0  bsp_timbase.o(.text)
    .text                                    0x080032b0   Section        0  w5500_conf.o(.text)
    .text                                    0x080036a0   Section        0  w5500.o(.text)
    .text                                    0x08003a74   Section        0  socket.o(.text)
    .text                                    0x08004100   Section        0  utility.o(.text)
    .text                                    0x08004554   Section        0  tcp_demo.o(.text)
    .text                                    0x0800465c   Section        0  dma_adc.o(.text)
    .text                                    0x08004870   Section        0  memseta.o(.text)
    .text                                    0x08004894   Section        0  strstr.o(.text)
    .text                                    0x080048b8   Section        0  strncpy.o(.text)
    .text                                    0x080048d0   Section        0  strlen.o(.text)
    .text                                    0x080048de   Section        0  strcpy.o(.text)
    .text                                    0x080048f0   Section        0  strtok.o(.text)
    .text                                    0x08004934   Section        0  fdiv.o(.text)
    .text                                    0x080049b0   Section        0  dmul.o(.text)
    .text                                    0x08004a94   Section        0  ffltui.o(.text)
    .text                                    0x08004a9e   Section        0  dfixui.o(.text)
    .text                                    0x08004ad0   Section        0  f2d.o(.text)
    .text                                    0x08004af6   Section        0  uidiv.o(.text)
    .text                                    0x08004b22   Section        0  uldiv.o(.text)
    .text                                    0x08004b84   Section        0  llushr.o(.text)
    .text                                    0x08004ba4   Section        0  fepilogue.o(.text)
    .text                                    0x08004ba4   Section        0  iusefp.o(.text)
    .text                                    0x08004c12   Section        0  depilogue.o(.text)
    .text                                    0x08004ccc   Section        0  dadd.o(.text)
    .text                                    0x08004e1a   Section        0  ddiv.o(.text)
    .text                                    0x08004ef8   Section        0  dfixul.o(.text)
    .text                                    0x08004f28   Section       48  cdrcmple.o(.text)
    .text                                    0x08004f58   Section       36  init.o(.text)
    .text                                    0x08004f7c   Section        0  llshl.o(.text)
    .text                                    0x08004f9a   Section        0  llsshr.o(.text)
    i.__0printf                              0x08004fc0   Section        0  printfa.o(i.__0printf)
    i.__0printf$8                            0x08004fe0   Section        0  printf8.o(i.__0printf$8)
    i.__0sprintf$8                           0x08005000   Section        0  printf8.o(i.__0sprintf$8)
    i.__scatterload_copy                     0x08005028   Section       14  handlers.o(i.__scatterload_copy)
    i.__scatterload_null                     0x08005036   Section        2  handlers.o(i.__scatterload_null)
    i.__scatterload_zeroinit                 0x08005038   Section       14  handlers.o(i.__scatterload_zeroinit)
    i._fp_digits                             0x08005048   Section        0  printfa.o(i._fp_digits)
    _fp_digits                               0x08005049   Thumb Code   366  printfa.o(i._fp_digits)
    i._printf_core                           0x080051cc   Section        0  printf8.o(i._printf_core)
    _printf_core                             0x080051cd   Thumb Code   984  printf8.o(i._printf_core)
    i._printf_core                           0x080055d0   Section        0  printfa.o(i._printf_core)
    _printf_core                             0x080055d1   Thumb Code  1704  printfa.o(i._printf_core)
    i._printf_post_padding                   0x08005c84   Section        0  printf8.o(i._printf_post_padding)
    _printf_post_padding                     0x08005c85   Thumb Code    36  printf8.o(i._printf_post_padding)
    i._printf_post_padding                   0x08005ca8   Section        0  printfa.o(i._printf_post_padding)
    _printf_post_padding                     0x08005ca9   Thumb Code    36  printfa.o(i._printf_post_padding)
    i._printf_pre_padding                    0x08005ccc   Section        0  printf8.o(i._printf_pre_padding)
    _printf_pre_padding                      0x08005ccd   Thumb Code    46  printf8.o(i._printf_pre_padding)
    i._printf_pre_padding                    0x08005cfa   Section        0  printfa.o(i._printf_pre_padding)
    _printf_pre_padding                      0x08005cfb   Thumb Code    46  printfa.o(i._printf_pre_padding)
    i._sputc                                 0x08005d28   Section        0  printf8.o(i._sputc)
    _sputc                                   0x08005d29   Thumb Code    10  printf8.o(i._sputc)
    .data                                    0x20000000   Section       20  system_stm32f10x.o(.data)
    .data                                    0x20000014   Section       20  stm32f10x_rcc.o(.data)
    APBAHBPrescTable                         0x20000014   Data          16  stm32f10x_rcc.o(.data)
    ADCPrescTable                            0x20000024   Data           4  stm32f10x_rcc.o(.data)
    .data                                    0x20000028   Section      136  main.o(.data)
    .data                                    0x200000b0   Section       41  w5500_conf.o(.data)
    .data                                    0x200000da   Section       48  w5500.o(.data)
    .data                                    0x2000010a   Section        4  utility.o(.data)
    fac_us                                   0x2000010a   Data           1  utility.o(.data)
    fac_ms                                   0x2000010c   Data           2  utility.o(.data)
    .data                                    0x2000010e   Section        2  dma_adc.o(.data)
    .data                                    0x20000110   Section        4  strtok.o(.data)
    state                                    0x20000110   Data           4  strtok.o(.data)
    .data                                    0x20000114   Section        4  stdout.o(.data)
    .bss                                     0x20000118   Section     4576  main.o(.bss)
    .bss                                     0x200012f8   Section       46  w5500_conf.o(.bss)
    .bss                                     0x20001326   Section       48  utility.o(.bss)
    addr_str                                 0x20001326   Data          32  utility.o(.bss)
    addr_str                                 0x20001346   Data          16  utility.o(.bss)
    .bss                                     0x20001356   Section     1046  dhcp.o(.bss)
    .bss                                     0x2000176c   Section    16384  tcp_demo.o(.bss)
    STACK                                    0x20005770   Section     4096  startup_stm32f10x_hd.o(STACK)

    Global Symbols

    Symbol Name                              Value     Ov Type        Size  Object(Section)

    BuildAttributes$$THM_ISAv4$P$D$K$B$S$PE$A:L22UL41UL21$X:L11$S22US41US21$IEEE1$IW$USESV6$~STKCKD$USESV7$~SHL$OTIME$ROPI$EBA8$MICROLIB$REQ8$PRES8$EABIv2 0x00000000   Number         0  anon$$obj.o ABSOLUTE
    __ARM_use_no_argv                        0x00000000   Number         0  main.o ABSOLUTE
    _printf_a                                0x00000000   Number         0  stubs.o ABSOLUTE
    _printf_c                                0x00000000   Number         0  stubs.o ABSOLUTE
    _printf_charcount                        0x00000000   Number         0  stubs.o ABSOLUTE
    _printf_d                                0x00000000   Number         0  stubs.o ABSOLUTE
    _printf_e                                0x00000000   Number         0  stubs.o ABSOLUTE
    _printf_f                                0x00000000   Number         0  stubs.o ABSOLUTE
    _printf_flags                            0x00000000   Number         0  stubs.o ABSOLUTE
    _printf_fp_dec                           0x00000000   Number         0  stubs.o ABSOLUTE
    _printf_fp_hex                           0x00000000   Number         0  stubs.o ABSOLUTE
    _printf_g                                0x00000000   Number         0  stubs.o ABSOLUTE
    _printf_i                                0x00000000   Number         0  stubs.o ABSOLUTE
    _printf_int_dec                          0x00000000   Number         0  stubs.o ABSOLUTE
    _printf_l                                0x00000000   Number         0  stubs.o ABSOLUTE
    _printf_lc                               0x00000000   Number         0  stubs.o ABSOLUTE
    _printf_ll                               0x00000000   Number         0  stubs.o ABSOLUTE
    _printf_lld                              0x00000000   Number         0  stubs.o ABSOLUTE
    _printf_lli                              0x00000000   Number         0  stubs.o ABSOLUTE
    _printf_llo                              0x00000000   Number         0  stubs.o ABSOLUTE
    _printf_llu                              0x00000000   Number         0  stubs.o ABSOLUTE
    _printf_llx                              0x00000000   Number         0  stubs.o ABSOLUTE
    _printf_longlong_dec                     0x00000000   Number         0  stubs.o ABSOLUTE
    _printf_longlong_hex                     0x00000000   Number         0  stubs.o ABSOLUTE
    _printf_longlong_oct                     0x00000000   Number         0  stubs.o ABSOLUTE
    _printf_ls                               0x00000000   Number         0  stubs.o ABSOLUTE
    _printf_mbtowc                           0x00000000   Number         0  stubs.o ABSOLUTE
    _printf_n                                0x00000000   Number         0  stubs.o ABSOLUTE
    _printf_o                                0x00000000   Number         0  stubs.o ABSOLUTE
    _printf_p                                0x00000000   Number         0  stubs.o ABSOLUTE
    _printf_percent                          0x00000000   Number         0  stubs.o ABSOLUTE
    _printf_pre_padding                      0x00000000   Number         0  stubs.o ABSOLUTE
    _printf_return_value                     0x00000000   Number         0  stubs.o ABSOLUTE
    _printf_s                                0x00000000   Number         0  stubs.o ABSOLUTE
    _printf_sizespec                         0x00000000   Number         0  stubs.o ABSOLUTE
    _printf_str                              0x00000000   Number         0  stubs.o ABSOLUTE
    _printf_truncate_signed                  0x00000000   Number         0  stubs.o ABSOLUTE
    _printf_truncate_unsigned                0x00000000   Number         0  stubs.o ABSOLUTE
    _printf_u                                0x00000000   Number         0  stubs.o ABSOLUTE
    _printf_wc                               0x00000000   Number         0  stubs.o ABSOLUTE
    _printf_wctomb                           0x00000000   Number         0  stubs.o ABSOLUTE
    _printf_widthprec                        0x00000000   Number         0  stubs.o ABSOLUTE
    _printf_x                                0x00000000   Number         0  stubs.o ABSOLUTE
    __arm_fini_                               - Undefined Weak Reference
    __cpp_initialize__aeabi_                  - Undefined Weak Reference
    __cxa_finalize                            - Undefined Weak Reference
    __decompress                              - Undefined Weak Reference
    _clock_init                               - Undefined Weak Reference
    _microlib_exit                            - Undefined Weak Reference
    __Vectors_Size                           0x00000130   Number         0  startup_stm32f10x_hd.o ABSOLUTE
    __Vectors                                0x08000000   Data           4  startup_stm32f10x_hd.o(RESET)
    __Vectors_End                            0x08000130   Data           0  startup_stm32f10x_hd.o(RESET)
    __main                                   0x08000131   Thumb Code     0  entry.o(.ARM.Collect$$$$00000000)
    _main_stk                                0x08000131   Thumb Code     0  entry2.o(.ARM.Collect$$$$00000001)
    _main_scatterload                        0x08000135   Thumb Code     0  entry5.o(.ARM.Collect$$$$00000004)
    __main_after_scatterload                 0x08000139   Thumb Code     0  entry5.o(.ARM.Collect$$$$00000004)
    _main_clock                              0x08000139   Thumb Code     0  entry7b.o(.ARM.Collect$$$$00000008)
    _main_cpp_init                           0x08000139   Thumb Code     0  entry8b.o(.ARM.Collect$$$$0000000A)
    _main_init                               0x08000139   Thumb Code     0  entry9a.o(.ARM.Collect$$$$0000000B)
    __rt_lib_shutdown_fini                   0x08000141   Thumb Code     0  entry12b.o(.ARM.Collect$$$$0000000E)
    __rt_final_cpp                           0x08000145   Thumb Code     0  entry10a.o(.ARM.Collect$$$$0000000F)
    __rt_final_exit                          0x08000145   Thumb Code     0  entry11a.o(.ARM.Collect$$$$00000011)
    Reset_Handler                            0x08000149   Thumb Code     8  startup_stm32f10x_hd.o(.text)
    ADC1_2_IRQHandler                        0x08000163   Thumb Code     0  startup_stm32f10x_hd.o(.text)
    ADC3_IRQHandler                          0x08000163   Thumb Code     0  startup_stm32f10x_hd.o(.text)
    CAN1_RX1_IRQHandler                      0x08000163   Thumb Code     0  startup_stm32f10x_hd.o(.text)
    CAN1_SCE_IRQHandler                      0x08000163   Thumb Code     0  startup_stm32f10x_hd.o(.text)
    DMA1_Channel2_IRQHandler                 0x08000163   Thumb Code     0  startup_stm32f10x_hd.o(.text)
    DMA1_Channel3_IRQHandler                 0x08000163   Thumb Code     0  startup_stm32f10x_hd.o(.text)
    DMA1_Channel4_IRQHandler                 0x08000163   Thumb Code     0  startup_stm32f10x_hd.o(.text)
    DMA1_Channel5_IRQHandler                 0x08000163   Thumb Code     0  startup_stm32f10x_hd.o(.text)
    DMA1_Channel6_IRQHandler                 0x08000163   Thumb Code     0  startup_stm32f10x_hd.o(.text)
    DMA1_Channel7_IRQHandler                 0x08000163   Thumb Code     0  startup_stm32f10x_hd.o(.text)
    DMA2_Channel1_IRQHandler                 0x08000163   Thumb Code     0  startup_stm32f10x_hd.o(.text)
    DMA2_Channel2_IRQHandler                 0x08000163   Thumb Code     0  startup_stm32f10x_hd.o(.text)
    DMA2_Channel3_IRQHandler                 0x08000163   Thumb Code     0  startup_stm32f10x_hd.o(.text)
    DMA2_Channel4_5_IRQHandler               0x08000163   Thumb Code     0  startup_stm32f10x_hd.o(.text)
    EXTI0_IRQHandler                         0x08000163   Thumb Code     0  startup_stm32f10x_hd.o(.text)
    EXTI15_10_IRQHandler                     0x08000163   Thumb Code     0  startup_stm32f10x_hd.o(.text)
    EXTI1_IRQHandler                         0x08000163   Thumb Code     0  startup_stm32f10x_hd.o(.text)
    EXTI2_IRQHandler                         0x08000163   Thumb Code     0  startup_stm32f10x_hd.o(.text)
    EXTI3_IRQHandler                         0x08000163   Thumb Code     0  startup_stm32f10x_hd.o(.text)
    EXTI4_IRQHandler                         0x08000163   Thumb Code     0  startup_stm32f10x_hd.o(.text)
    EXTI9_5_IRQHandler                       0x08000163   Thumb Code     0  startup_stm32f10x_hd.o(.text)
    FLASH_IRQHandler                         0x08000163   Thumb Code     0  startup_stm32f10x_hd.o(.text)
    FSMC_IRQHandler                          0x08000163   Thumb Code     0  startup_stm32f10x_hd.o(.text)
    I2C1_ER_IRQHandler                       0x08000163   Thumb Code     0  startup_stm32f10x_hd.o(.text)
    I2C1_EV_IRQHandler                       0x08000163   Thumb Code     0  startup_stm32f10x_hd.o(.text)
    I2C2_ER_IRQHandler                       0x08000163   Thumb Code     0  startup_stm32f10x_hd.o(.text)
    I2C2_EV_IRQHandler                       0x08000163   Thumb Code     0  startup_stm32f10x_hd.o(.text)
    PVD_IRQHandler                           0x08000163   Thumb Code     0  startup_stm32f10x_hd.o(.text)
    RCC_IRQHandler                           0x08000163   Thumb Code     0  startup_stm32f10x_hd.o(.text)
    RTCAlarm_IRQHandler                      0x08000163   Thumb Code     0  startup_stm32f10x_hd.o(.text)
    RTC_IRQHandler                           0x08000163   Thumb Code     0  startup_stm32f10x_hd.o(.text)
    SDIO_IRQHandler                          0x08000163   Thumb Code     0  startup_stm32f10x_hd.o(.text)
    SPI1_IRQHandler                          0x08000163   Thumb Code     0  startup_stm32f10x_hd.o(.text)
    SPI2_IRQHandler                          0x08000163   Thumb Code     0  startup_stm32f10x_hd.o(.text)
    SPI3_IRQHandler                          0x08000163   Thumb Code     0  startup_stm32f10x_hd.o(.text)
    TAMPER_IRQHandler                        0x08000163   Thumb Code     0  startup_stm32f10x_hd.o(.text)
    TIM1_BRK_IRQHandler                      0x08000163   Thumb Code     0  startup_stm32f10x_hd.o(.text)
    TIM1_CC_IRQHandler                       0x08000163   Thumb Code     0  startup_stm32f10x_hd.o(.text)
    TIM1_TRG_COM_IRQHandler                  0x08000163   Thumb Code     0  startup_stm32f10x_hd.o(.text)
    TIM1_UP_IRQHandler                       0x08000163   Thumb Code     0  startup_stm32f10x_hd.o(.text)
    TIM3_IRQHandler                          0x08000163   Thumb Code     0  startup_stm32f10x_hd.o(.text)
    TIM4_IRQHandler                          0x08000163   Thumb Code     0  startup_stm32f10x_hd.o(.text)
    TIM5_IRQHandler                          0x08000163   Thumb Code     0  startup_stm32f10x_hd.o(.text)
    TIM6_IRQHandler                          0x08000163   Thumb Code     0  startup_stm32f10x_hd.o(.text)
    TIM7_IRQHandler                          0x08000163   Thumb Code     0  startup_stm32f10x_hd.o(.text)
    TIM8_BRK_IRQHandler                      0x08000163   Thumb Code     0  startup_stm32f10x_hd.o(.text)
    TIM8_CC_IRQHandler                       0x08000163   Thumb Code     0  startup_stm32f10x_hd.o(.text)
    TIM8_TRG_COM_IRQHandler                  0x08000163   Thumb Code     0  startup_stm32f10x_hd.o(.text)
    TIM8_UP_IRQHandler                       0x08000163   Thumb Code     0  startup_stm32f10x_hd.o(.text)
    UART4_IRQHandler                         0x08000163   Thumb Code     0  startup_stm32f10x_hd.o(.text)
    UART5_IRQHandler                         0x08000163   Thumb Code     0  startup_stm32f10x_hd.o(.text)
    USART1_IRQHandler                        0x08000163   Thumb Code     0  startup_stm32f10x_hd.o(.text)
    USART2_IRQHandler                        0x08000163   Thumb Code     0  startup_stm32f10x_hd.o(.text)
    USART3_IRQHandler                        0x08000163   Thumb Code     0  startup_stm32f10x_hd.o(.text)
    USBWakeUp_IRQHandler                     0x08000163   Thumb Code     0  startup_stm32f10x_hd.o(.text)
    USB_HP_CAN1_TX_IRQHandler                0x08000163   Thumb Code     0  startup_stm32f10x_hd.o(.text)
    USB_LP_CAN1_RX0_IRQHandler               0x08000163   Thumb Code     0  startup_stm32f10x_hd.o(.text)
    WWDG_IRQHandler                          0x08000163   Thumb Code     0  startup_stm32f10x_hd.o(.text)
    SystemInit                               0x0800024b   Thumb Code    78  system_stm32f10x.o(.text)
    SystemCoreClockUpdate                    0x08000299   Thumb Code   142  system_stm32f10x.o(.text)
    NVIC_PriorityGroupConfig                 0x0800034d   Thumb Code    10  misc.o(.text)
    NVIC_Init                                0x08000357   Thumb Code   100  misc.o(.text)
    NVIC_SetVectorTable                      0x080003bb   Thumb Code    14  misc.o(.text)
    NVIC_SystemLPConfig                      0x080003c9   Thumb Code    34  misc.o(.text)
    SysTick_CLKSourceConfig                  0x080003eb   Thumb Code    40  misc.o(.text)
    GPIO_DeInit                              0x08000429   Thumb Code   172  stm32f10x_gpio.o(.text)
    GPIO_AFIODeInit                          0x080004d5   Thumb Code    20  stm32f10x_gpio.o(.text)
    GPIO_Init                                0x080004e9   Thumb Code   278  stm32f10x_gpio.o(.text)
    GPIO_StructInit                          0x080005ff   Thumb Code    16  stm32f10x_gpio.o(.text)
    GPIO_ReadInputDataBit                    0x0800060f   Thumb Code    18  stm32f10x_gpio.o(.text)
    GPIO_ReadInputData                       0x08000621   Thumb Code     8  stm32f10x_gpio.o(.text)
    GPIO_ReadOutputDataBit                   0x08000629   Thumb Code    18  stm32f10x_gpio.o(.text)
    GPIO_ReadOutputData                      0x0800063b   Thumb Code     8  stm32f10x_gpio.o(.text)
    GPIO_SetBits                             0x08000643   Thumb Code     4  stm32f10x_gpio.o(.text)
    GPIO_ResetBits                           0x08000647   Thumb Code     4  stm32f10x_gpio.o(.text)
    GPIO_WriteBit                            0x0800064b   Thumb Code    10  stm32f10x_gpio.o(.text)
    GPIO_Write                               0x08000655   Thumb Code     4  stm32f10x_gpio.o(.text)
    GPIO_PinLockConfig                       0x08000659   Thumb Code    18  stm32f10x_gpio.o(.text)
    GPIO_EventOutputConfig                   0x0800066b   Thumb Code    26  stm32f10x_gpio.o(.text)
    GPIO_EventOutputCmd                      0x08000685   Thumb Code     6  stm32f10x_gpio.o(.text)
    GPIO_PinRemapConfig                      0x0800068b   Thumb Code   138  stm32f10x_gpio.o(.text)
    GPIO_EXTILineConfig                      0x08000715   Thumb Code    66  stm32f10x_gpio.o(.text)
    GPIO_ETH_MediaInterfaceConfig            0x08000757   Thumb Code     8  stm32f10x_gpio.o(.text)
    RCC_DeInit                               0x08000785   Thumb Code    64  stm32f10x_rcc.o(.text)
    RCC_HSEConfig                            0x080007c5   Thumb Code    70  stm32f10x_rcc.o(.text)
    RCC_GetFlagStatus                        0x0800080b   Thumb Code    56  stm32f10x_rcc.o(.text)
    RCC_WaitForHSEStartUp                    0x08000843   Thumb Code    56  stm32f10x_rcc.o(.text)
    RCC_AdjustHSICalibrationValue            0x0800087b   Thumb Code    20  stm32f10x_rcc.o(.text)
    RCC_HSICmd                               0x0800088f   Thumb Code     6  stm32f10x_rcc.o(.text)
    RCC_PLLConfig                            0x08000895   Thumb Code    24  stm32f10x_rcc.o(.text)
    RCC_PLLCmd                               0x080008ad   Thumb Code     6  stm32f10x_rcc.o(.text)
    RCC_SYSCLKConfig                         0x080008b3   Thumb Code    18  stm32f10x_rcc.o(.text)
    RCC_GetSYSCLKSource                      0x080008c5   Thumb Code    10  stm32f10x_rcc.o(.text)
    RCC_HCLKConfig                           0x080008cf   Thumb Code    18  stm32f10x_rcc.o(.text)
    RCC_PCLK1Config                          0x080008e1   Thumb Code    18  stm32f10x_rcc.o(.text)
    RCC_PCLK2Config                          0x080008f3   Thumb Code    20  stm32f10x_rcc.o(.text)
    RCC_ITConfig                             0x08000907   Thumb Code    26  stm32f10x_rcc.o(.text)
    RCC_USBCLKConfig                         0x08000921   Thumb Code     8  stm32f10x_rcc.o(.text)
    RCC_ADCCLKConfig                         0x08000929   Thumb Code    18  stm32f10x_rcc.o(.text)
    RCC_LSEConfig                            0x0800093b   Thumb Code    50  stm32f10x_rcc.o(.text)
    RCC_LSICmd                               0x0800096d   Thumb Code     6  stm32f10x_rcc.o(.text)
    RCC_RTCCLKConfig                         0x08000973   Thumb Code    12  stm32f10x_rcc.o(.text)
    RCC_RTCCLKCmd                            0x0800097f   Thumb Code     8  stm32f10x_rcc.o(.text)
    RCC_GetClocksFreq                        0x08000987   Thumb Code   192  stm32f10x_rcc.o(.text)
    RCC_AHBPeriphClockCmd                    0x08000a47   Thumb Code    26  stm32f10x_rcc.o(.text)
    RCC_APB2PeriphClockCmd                   0x08000a61   Thumb Code    26  stm32f10x_rcc.o(.text)
    RCC_APB1PeriphClockCmd                   0x08000a7b   Thumb Code    26  stm32f10x_rcc.o(.text)
    RCC_APB2PeriphResetCmd                   0x08000a95   Thumb Code    26  stm32f10x_rcc.o(.text)
    RCC_APB1PeriphResetCmd                   0x08000aaf   Thumb Code    26  stm32f10x_rcc.o(.text)
    RCC_BackupResetCmd                       0x08000ac9   Thumb Code     8  stm32f10x_rcc.o(.text)
    RCC_ClockSecuritySystemCmd               0x08000ad1   Thumb Code     6  stm32f10x_rcc.o(.text)
    RCC_MCOConfig                            0x08000ad7   Thumb Code     6  stm32f10x_rcc.o(.text)
    RCC_ClearFlag                            0x08000add   Thumb Code    14  stm32f10x_rcc.o(.text)
    RCC_GetITStatus                          0x08000aeb   Thumb Code    20  stm32f10x_rcc.o(.text)
    RCC_ClearITPendingBit                    0x08000aff   Thumb Code     6  stm32f10x_rcc.o(.text)
    SPI_I2S_DeInit                           0x08000b29   Thumb Code    76  stm32f10x_spi.o(.text)
    SPI_Init                                 0x08000b75   Thumb Code    60  stm32f10x_spi.o(.text)
    I2S_Init                                 0x08000bb1   Thumb Code   226  stm32f10x_spi.o(.text)
    SPI_StructInit                           0x08000c93   Thumb Code    24  stm32f10x_spi.o(.text)
    I2S_StructInit                           0x08000cab   Thumb Code    20  stm32f10x_spi.o(.text)
    SPI_Cmd                                  0x08000cbf   Thumb Code    24  stm32f10x_spi.o(.text)
    I2S_Cmd                                  0x08000cd7   Thumb Code    24  stm32f10x_spi.o(.text)
    SPI_I2S_ITConfig                         0x08000cef   Thumb Code    32  stm32f10x_spi.o(.text)
    SPI_I2S_DMACmd                           0x08000d0f   Thumb Code    18  stm32f10x_spi.o(.text)
    SPI_I2S_SendData                         0x08000d21   Thumb Code     4  stm32f10x_spi.o(.text)
    SPI_I2S_ReceiveData                      0x08000d25   Thumb Code     6  stm32f10x_spi.o(.text)
    SPI_NSSInternalSoftwareConfig            0x08000d2b   Thumb Code    30  stm32f10x_spi.o(.text)
    SPI_SSOutputCmd                          0x08000d49   Thumb Code    24  stm32f10x_spi.o(.text)
    SPI_DataSizeConfig                       0x08000d61   Thumb Code    18  stm32f10x_spi.o(.text)
    SPI_TransmitCRC                          0x08000d73   Thumb Code    10  stm32f10x_spi.o(.text)
    SPI_CalculateCRC                         0x08000d7d   Thumb Code    24  stm32f10x_spi.o(.text)
    SPI_GetCRC                               0x08000d95   Thumb Code    16  stm32f10x_spi.o(.text)
    SPI_GetCRCPolynomial                     0x08000da5   Thumb Code     6  stm32f10x_spi.o(.text)
    SPI_BiDirectionalLineConfig              0x08000dab   Thumb Code    28  stm32f10x_spi.o(.text)
    SPI_I2S_GetFlagStatus                    0x08000dc7   Thumb Code    18  stm32f10x_spi.o(.text)
    SPI_I2S_ClearFlag                        0x08000dd9   Thumb Code     6  stm32f10x_spi.o(.text)
    SPI_I2S_GetITStatus                      0x08000ddf   Thumb Code    52  stm32f10x_spi.o(.text)
    SPI_I2S_ClearITPendingBit                0x08000e13   Thumb Code    20  stm32f10x_spi.o(.text)
    TIM_DeInit                               0x08000e35   Thumb Code   424  stm32f10x_tim.o(.text)
    TIM_TimeBaseInit                         0x08000fdd   Thumb Code   122  stm32f10x_tim.o(.text)
    TIM_OC1Init                              0x08001057   Thumb Code   132  stm32f10x_tim.o(.text)
    TIM_OC2Init                              0x080010db   Thumb Code   154  stm32f10x_tim.o(.text)
    TIM_OC3Init                              0x08001175   Thumb Code   150  stm32f10x_tim.o(.text)
    TIM_OC4Init                              0x0800120b   Thumb Code   182  stm32f10x_tim.o(.text)
    TIM_SetIC4Prescaler                      0x080012c1   Thumb Code    26  stm32f10x_tim.o(.text)
    TIM_SetIC3Prescaler                      0x0800135d   Thumb Code    18  stm32f10x_tim.o(.text)
    TIM_SetIC2Prescaler                      0x080013e9   Thumb Code    26  stm32f10x_tim.o(.text)
    TIM_SetIC1Prescaler                      0x08001485   Thumb Code    18  stm32f10x_tim.o(.text)
    TIM_ICInit                               0x08001503   Thumb Code   150  stm32f10x_tim.o(.text)
    TIM_PWMIConfig                           0x08001599   Thumb Code   124  stm32f10x_tim.o(.text)
    TIM_BDTRConfig                           0x08001615   Thumb Code    32  stm32f10x_tim.o(.text)
    TIM_TimeBaseStructInit                   0x08001635   Thumb Code    18  stm32f10x_tim.o(.text)
    TIM_OCStructInit                         0x08001647   Thumb Code    20  stm32f10x_tim.o(.text)
    TIM_ICStructInit                         0x0800165b   Thumb Code    18  stm32f10x_tim.o(.text)
    TIM_BDTRStructInit                       0x0800166d   Thumb Code    40  stm32f10x_tim.o(.text)
    TIM_Cmd                                  0x08001695   Thumb Code    24  stm32f10x_tim.o(.text)
    TIM_CtrlPWMOutputs                       0x080016ad   Thumb Code    30  stm32f10x_tim.o(.text)
    TIM_ITConfig                             0x080016cb   Thumb Code    18  stm32f10x_tim.o(.text)
    TIM_GenerateEvent                        0x080016dd   Thumb Code     4  stm32f10x_tim.o(.text)
    TIM_DMAConfig                            0x080016e1   Thumb Code    10  stm32f10x_tim.o(.text)
    TIM_DMACmd                               0x080016eb   Thumb Code    18  stm32f10x_tim.o(.text)
    TIM_InternalClockConfig                  0x080016fd   Thumb Code    12  stm32f10x_tim.o(.text)
    TIM_SelectInputTrigger                   0x08001709   Thumb Code    18  stm32f10x_tim.o(.text)
    TIM_ITRxExternalClockConfig              0x0800171b   Thumb Code    24  stm32f10x_tim.o(.text)
    TIM_TIxExternalClockConfig               0x08001733   Thumb Code    62  stm32f10x_tim.o(.text)
    TIM_ETRConfig                            0x08001771   Thumb Code    28  stm32f10x_tim.o(.text)
    TIM_ETRClockMode1Config                  0x0800178d   Thumb Code    54  stm32f10x_tim.o(.text)
    TIM_ETRClockMode2Config                  0x080017c3   Thumb Code    32  stm32f10x_tim.o(.text)
    TIM_PrescalerConfig                      0x080017e3   Thumb Code     6  stm32f10x_tim.o(.text)
    TIM_CounterModeConfig                    0x080017e9   Thumb Code    18  stm32f10x_tim.o(.text)
    TIM_EncoderInterfaceConfig               0x080017fb   Thumb Code    66  stm32f10x_tim.o(.text)
    TIM_ForcedOC1Config                      0x0800183d   Thumb Code    18  stm32f10x_tim.o(.text)
    TIM_ForcedOC2Config                      0x0800184f   Thumb Code    26  stm32f10x_tim.o(.text)
    TIM_ForcedOC3Config                      0x08001869   Thumb Code    18  stm32f10x_tim.o(.text)
    TIM_ForcedOC4Config                      0x0800187b   Thumb Code    26  stm32f10x_tim.o(.text)
    TIM_ARRPreloadConfig                     0x08001895   Thumb Code    24  stm32f10x_tim.o(.text)
    TIM_SelectCOM                            0x080018ad   Thumb Code    24  stm32f10x_tim.o(.text)
    TIM_SelectCCDMA                          0x080018c5   Thumb Code    24  stm32f10x_tim.o(.text)
    TIM_CCPreloadControl                     0x080018dd   Thumb Code    24  stm32f10x_tim.o(.text)
    TIM_OC1PreloadConfig                     0x080018f5   Thumb Code    18  stm32f10x_tim.o(.text)
    TIM_OC2PreloadConfig                     0x08001907   Thumb Code    26  stm32f10x_tim.o(.text)
    TIM_OC3PreloadConfig                     0x08001921   Thumb Code    18  stm32f10x_tim.o(.text)
    TIM_OC4PreloadConfig                     0x08001933   Thumb Code    26  stm32f10x_tim.o(.text)
    TIM_OC1FastConfig                        0x0800194d   Thumb Code    18  stm32f10x_tim.o(.text)
    TIM_OC2FastConfig                        0x0800195f   Thumb Code    26  stm32f10x_tim.o(.text)
    TIM_OC3FastConfig                        0x08001979   Thumb Code    18  stm32f10x_tim.o(.text)
    TIM_OC4FastConfig                        0x0800198b   Thumb Code    26  stm32f10x_tim.o(.text)
    TIM_ClearOC1Ref                          0x080019a5   Thumb Code    18  stm32f10x_tim.o(.text)
    TIM_ClearOC2Ref                          0x080019b7   Thumb Code    24  stm32f10x_tim.o(.text)
    TIM_ClearOC3Ref                          0x080019cf   Thumb Code    18  stm32f10x_tim.o(.text)
    TIM_ClearOC4Ref                          0x080019e1   Thumb Code    24  stm32f10x_tim.o(.text)
    TIM_OC1PolarityConfig                    0x080019f9   Thumb Code    18  stm32f10x_tim.o(.text)
    TIM_OC1NPolarityConfig                   0x08001a0b   Thumb Code    18  stm32f10x_tim.o(.text)
    TIM_OC2PolarityConfig                    0x08001a1d   Thumb Code    26  stm32f10x_tim.o(.text)
    TIM_OC2NPolarityConfig                   0x08001a37   Thumb Code    26  stm32f10x_tim.o(.text)
    TIM_OC3PolarityConfig                    0x08001a51   Thumb Code    26  stm32f10x_tim.o(.text)
    TIM_OC3NPolarityConfig                   0x08001a6b   Thumb Code    26  stm32f10x_tim.o(.text)
    TIM_OC4PolarityConfig                    0x08001a85   Thumb Code    26  stm32f10x_tim.o(.text)
    TIM_CCxCmd                               0x08001a9f   Thumb Code    30  stm32f10x_tim.o(.text)
    TIM_CCxNCmd                              0x08001abd   Thumb Code    30  stm32f10x_tim.o(.text)
    TIM_SelectOCxM                           0x08001adb   Thumb Code    82  stm32f10x_tim.o(.text)
    TIM_UpdateDisableConfig                  0x08001b2d   Thumb Code    24  stm32f10x_tim.o(.text)
    TIM_UpdateRequestConfig                  0x08001b45   Thumb Code    24  stm32f10x_tim.o(.text)
    TIM_SelectHallSensor                     0x08001b5d   Thumb Code    24  stm32f10x_tim.o(.text)
    TIM_SelectOnePulseMode                   0x08001b75   Thumb Code    18  stm32f10x_tim.o(.text)
    TIM_SelectOutputTrigger                  0x08001b87   Thumb Code    18  stm32f10x_tim.o(.text)
    TIM_SelectSlaveMode                      0x08001b99   Thumb Code    18  stm32f10x_tim.o(.text)
    TIM_SelectMasterSlaveMode                0x08001bab   Thumb Code    18  stm32f10x_tim.o(.text)
    TIM_SetCounter                           0x08001bbd   Thumb Code     4  stm32f10x_tim.o(.text)
    TIM_SetAutoreload                        0x08001bc1   Thumb Code     4  stm32f10x_tim.o(.text)
    TIM_SetCompare1                          0x08001bc5   Thumb Code     4  stm32f10x_tim.o(.text)
    TIM_SetCompare2                          0x08001bc9   Thumb Code     4  stm32f10x_tim.o(.text)
    TIM_SetCompare3                          0x08001bcd   Thumb Code     4  stm32f10x_tim.o(.text)
    TIM_SetCompare4                          0x08001bd1   Thumb Code     6  stm32f10x_tim.o(.text)
    TIM_SetClockDivision                     0x08001bd7   Thumb Code    18  stm32f10x_tim.o(.text)
    TIM_GetCapture1                          0x08001be9   Thumb Code     6  stm32f10x_tim.o(.text)
    TIM_GetCapture2                          0x08001bef   Thumb Code     6  stm32f10x_tim.o(.text)
    TIM_GetCapture3                          0x08001bf5   Thumb Code     6  stm32f10x_tim.o(.text)
    TIM_GetCapture4                          0x08001bfb   Thumb Code     8  stm32f10x_tim.o(.text)
    TIM_GetCounter                           0x08001c03   Thumb Code     6  stm32f10x_tim.o(.text)
    TIM_GetPrescaler                         0x08001c09   Thumb Code     6  stm32f10x_tim.o(.text)
    TIM_GetFlagStatus                        0x08001c0f   Thumb Code    18  stm32f10x_tim.o(.text)
    TIM_ClearFlag                            0x08001c21   Thumb Code     6  stm32f10x_tim.o(.text)
    TIM_GetITStatus                          0x08001c27   Thumb Code    34  stm32f10x_tim.o(.text)
    TIM_ClearITPendingBit                    0x08001c49   Thumb Code     6  stm32f10x_tim.o(.text)
    USART_DeInit                             0x08001c51   Thumb Code   134  stm32f10x_usart.o(.text)
    USART_Init                               0x08001cd7   Thumb Code   210  stm32f10x_usart.o(.text)
    USART_StructInit                         0x08001da9   Thumb Code    24  stm32f10x_usart.o(.text)
    USART_ClockInit                          0x08001dc1   Thumb Code    34  stm32f10x_usart.o(.text)
    USART_ClockStructInit                    0x08001de3   Thumb Code    12  stm32f10x_usart.o(.text)
    USART_Cmd                                0x08001def   Thumb Code    24  stm32f10x_usart.o(.text)
    USART_ITConfig                           0x08001e07   Thumb Code    74  stm32f10x_usart.o(.text)
    USART_DMACmd                             0x08001e51   Thumb Code    18  stm32f10x_usart.o(.text)
    USART_SetAddress                         0x08001e63   Thumb Code    18  stm32f10x_usart.o(.text)
    USART_WakeUpConfig                       0x08001e75   Thumb Code    18  stm32f10x_usart.o(.text)
    USART_ReceiverWakeUpCmd                  0x08001e87   Thumb Code    24  stm32f10x_usart.o(.text)
    USART_LINBreakDetectLengthConfig         0x08001e9f   Thumb Code    18  stm32f10x_usart.o(.text)
    USART_LINCmd                             0x08001eb1   Thumb Code    24  stm32f10x_usart.o(.text)
    USART_SendData                           0x08001ec9   Thumb Code     8  stm32f10x_usart.o(.text)
    USART_ReceiveData                        0x08001ed1   Thumb Code    10  stm32f10x_usart.o(.text)
    USART_SendBreak                          0x08001edb   Thumb Code    10  stm32f10x_usart.o(.text)
    USART_SetGuardTime                       0x08001ee5   Thumb Code    16  stm32f10x_usart.o(.text)
    USART_SetPrescaler                       0x08001ef5   Thumb Code    16  stm32f10x_usart.o(.text)
    USART_SmartCardCmd                       0x08001f05   Thumb Code    24  stm32f10x_usart.o(.text)
    USART_SmartCardNACKCmd                   0x08001f1d   Thumb Code    24  stm32f10x_usart.o(.text)
    USART_HalfDuplexCmd                      0x08001f35   Thumb Code    24  stm32f10x_usart.o(.text)
    USART_OverSampling8Cmd                   0x08001f4d   Thumb Code    22  stm32f10x_usart.o(.text)
    USART_OneBitMethodCmd                    0x08001f63   Thumb Code    24  stm32f10x_usart.o(.text)
    USART_IrDAConfig                         0x08001f7b   Thumb Code    18  stm32f10x_usart.o(.text)
    USART_IrDACmd                            0x08001f8d   Thumb Code    24  stm32f10x_usart.o(.text)
    USART_GetFlagStatus                      0x08001fa5   Thumb Code    26  stm32f10x_usart.o(.text)
    USART_ClearFlag                          0x08001fbf   Thumb Code    18  stm32f10x_usart.o(.text)
    USART_GetITStatus                        0x08001fd1   Thumb Code    84  stm32f10x_usart.o(.text)
    USART_ClearITPendingBit                  0x08002025   Thumb Code    52  stm32f10x_usart.o(.text)
    ADC_DeInit                               0x08002059   Thumb Code    78  stm32f10x_adc.o(.text)
    ADC_Init                                 0x080020a7   Thumb Code    70  stm32f10x_adc.o(.text)
    ADC_StructInit                           0x080020ed   Thumb Code    18  stm32f10x_adc.o(.text)
    ADC_Cmd                                  0x080020ff   Thumb Code    22  stm32f10x_adc.o(.text)
    ADC_DMACmd                               0x08002115   Thumb Code    22  stm32f10x_adc.o(.text)
    ADC_ITConfig                             0x0800212b   Thumb Code    24  stm32f10x_adc.o(.text)
    ADC_ResetCalibration                     0x08002143   Thumb Code    10  stm32f10x_adc.o(.text)
    ADC_GetResetCalibrationStatus            0x0800214d   Thumb Code    20  stm32f10x_adc.o(.text)
    ADC_StartCalibration                     0x08002161   Thumb Code    10  stm32f10x_adc.o(.text)
    ADC_GetCalibrationStatus                 0x0800216b   Thumb Code    20  stm32f10x_adc.o(.text)
    ADC_SoftwareStartConvCmd                 0x0800217f   Thumb Code    22  stm32f10x_adc.o(.text)
    ADC_GetSoftwareStartConvStatus           0x08002195   Thumb Code    20  stm32f10x_adc.o(.text)
    ADC_DiscModeChannelCountConfig           0x080021a9   Thumb Code    24  stm32f10x_adc.o(.text)
    ADC_DiscModeCmd                          0x080021c1   Thumb Code    22  stm32f10x_adc.o(.text)
    ADC_RegularChannelConfig                 0x080021d7   Thumb Code   184  stm32f10x_adc.o(.text)
    ADC_ExternalTrigConvCmd                  0x0800228f   Thumb Code    22  stm32f10x_adc.o(.text)
    ADC_GetConversionValue                   0x080022a5   Thumb Code     8  stm32f10x_adc.o(.text)
    ADC_GetDualModeConversionValue           0x080022ad   Thumb Code     8  stm32f10x_adc.o(.text)
    ADC_AutoInjectedConvCmd                  0x080022b5   Thumb Code    22  stm32f10x_adc.o(.text)
    ADC_InjectedDiscModeCmd                  0x080022cb   Thumb Code    22  stm32f10x_adc.o(.text)
    ADC_ExternalTrigInjectedConvConfig       0x080022e1   Thumb Code    16  stm32f10x_adc.o(.text)
    ADC_ExternalTrigInjectedConvCmd          0x080022f1   Thumb Code    22  stm32f10x_adc.o(.text)
    ADC_SoftwareStartInjectedConvCmd         0x08002307   Thumb Code    22  stm32f10x_adc.o(.text)
    ADC_GetSoftwareStartInjectedConvCmdStatus 0x0800231d   Thumb Code    20  stm32f10x_adc.o(.text)
    ADC_InjectedChannelConfig                0x08002331   Thumb Code   130  stm32f10x_adc.o(.text)
    ADC_InjectedSequencerLengthConfig        0x080023b3   Thumb Code    24  stm32f10x_adc.o(.text)
    ADC_SetInjectedOffset                    0x080023cb   Thumb Code    20  stm32f10x_adc.o(.text)
    ADC_GetInjectedConversionValue           0x080023df   Thumb Code    28  stm32f10x_adc.o(.text)
    ADC_AnalogWatchdogCmd                    0x080023fb   Thumb Code    16  stm32f10x_adc.o(.text)
    ADC_AnalogWatchdogThresholdsConfig       0x0800240b   Thumb Code     6  stm32f10x_adc.o(.text)
    ADC_AnalogWatchdogSingleChannelConfig    0x08002411   Thumb Code    16  stm32f10x_adc.o(.text)
    ADC_TempSensorVrefintCmd                 0x08002421   Thumb Code    64  stm32f10x_adc.o(.text)
    ADC_GetFlagStatus                        0x08002461   Thumb Code    18  stm32f10x_adc.o(.text)
    ADC_ClearFlag                            0x08002473   Thumb Code     6  stm32f10x_adc.o(.text)
    ADC_GetITStatus                          0x08002479   Thumb Code    36  stm32f10x_adc.o(.text)
    ADC_ClearITPendingBit                    0x0800249d   Thumb Code    10  stm32f10x_adc.o(.text)
    DMA_DeInit                               0x080024a9   Thumb Code   324  stm32f10x_dma.o(.text)
    DMA_Init                                 0x080025ed   Thumb Code    60  stm32f10x_dma.o(.text)
    DMA_StructInit                           0x08002629   Thumb Code    26  stm32f10x_dma.o(.text)
    DMA_Cmd                                  0x08002643   Thumb Code    24  stm32f10x_dma.o(.text)
    DMA_ITConfig                             0x0800265b   Thumb Code    18  stm32f10x_dma.o(.text)
    DMA_SetCurrDataCounter                   0x0800266d   Thumb Code     4  stm32f10x_dma.o(.text)
    DMA_GetCurrDataCounter                   0x08002671   Thumb Code     8  stm32f10x_dma.o(.text)
    DMA_GetFlagStatus                        0x08002679   Thumb Code    40  stm32f10x_dma.o(.text)
    DMA_ClearFlag                            0x080026a1   Thumb Code    22  stm32f10x_dma.o(.text)
    DMA_GetITStatus                          0x080026b7   Thumb Code    40  stm32f10x_dma.o(.text)
    DMA_ClearITPendingBit                    0x080026df   Thumb Code    22  stm32f10x_dma.o(.text)
    W5500_send                               0x080026fd   Thumb Code   210  main.o(.text)
    DMA_Adc_collect                          0x080027cf   Thumb Code   260  main.o(.text)
    GPIO_Configuration                       0x080028d3   Thumb Code    94  main.o(.text)
    LED_Init                                 0x08002931   Thumb Code    68  main.o(.text)
    main                                     0x08002975   Thumb Code   100  main.o(.text)
    Uart1_send                               0x080029d9   Thumb Code   390  main.o(.text)
    DMA1_Channel1_IRQHandler                 0x08002b5f   Thumb Code   248  main.o(.text)
    NMI_Handler                              0x08002ca5   Thumb Code     2  stm32f10x_it.o(.text)
    HardFault_Handler                        0x08002ca7   Thumb Code     4  stm32f10x_it.o(.text)
    MemManage_Handler                        0x08002cab   Thumb Code     4  stm32f10x_it.o(.text)
    BusFault_Handler                         0x08002caf   Thumb Code     4  stm32f10x_it.o(.text)
    UsageFault_Handler                       0x08002cb3   Thumb Code     4  stm32f10x_it.o(.text)
    SVC_Handler                              0x08002cb7   Thumb Code     2  stm32f10x_it.o(.text)
    DebugMon_Handler                         0x08002cb9   Thumb Code     2  stm32f10x_it.o(.text)
    PendSV_Handler                           0x08002cbb   Thumb Code     2  stm32f10x_it.o(.text)
    SysTick_Handler                          0x08002cbd   Thumb Code     2  stm32f10x_it.o(.text)
    TIM2_IRQHandler                          0x08002cbf   Thumb Code    26  stm32f10x_it.o(.text)
    USART1_Config                            0x08002cd9   Thumb Code   112  bsp_usart1.o(.text)
    fputc                                    0x08002d49   Thumb Code    32  bsp_usart1.o(.text)
    fgetc                                    0x08002d69   Thumb Code    26  bsp_usart1.o(.text)
    ee_CheckOk                               0x08002d8d   Thumb Code    22  bsp_i2c_ee.o(.text)
    ee_ReadBytes                             0x08002da3   Thumb Code   112  bsp_i2c_ee.o(.text)
    ee_WriteBytes                            0x08002e13   Thumb Code   126  bsp_i2c_ee.o(.text)
    ee_Erase                                 0x08002e91   Thumb Code    56  bsp_i2c_ee.o(.text)
    ee_Test                                  0x08002edb   Thumb Code   180  bsp_i2c_ee.o(.text)
    i2c_Start                                0x08003087   Thumb Code    42  bsp_i2c_gpio.o(.text)
    i2c_Stop                                 0x080030b1   Thumb Code    28  bsp_i2c_gpio.o(.text)
    i2c_SendByte                             0x080030cd   Thumb Code    80  bsp_i2c_gpio.o(.text)
    i2c_ReadByte                             0x0800311d   Thumb Code    62  bsp_i2c_gpio.o(.text)
    i2c_WaitAck                              0x0800315b   Thumb Code    56  bsp_i2c_gpio.o(.text)
    i2c_Ack                                  0x08003193   Thumb Code    44  bsp_i2c_gpio.o(.text)
    i2c_NAck                                 0x080031bf   Thumb Code    36  bsp_i2c_gpio.o(.text)
    i2c_CfgGpio                              0x080031e3   Thumb Code    44  bsp_i2c_gpio.o(.text)
    i2c_CheckDevice                          0x0800320f   Thumb Code    32  bsp_i2c_gpio.o(.text)
    TIM2_NVIC_Configuration                  0x08003235   Thumb Code    42  bsp_timbase.o(.text)
    TIM2_Configuration                       0x0800325f   Thumb Code    80  bsp_timbase.o(.text)
    set_w5500_ip                             0x080032b1   Thumb Code    82  w5500_conf.o(.text)
    set_w5500_mac                            0x08003303   Thumb Code    32  w5500_conf.o(.text)
    gpio_for_w5500_config                    0x08003323   Thumb Code   246  w5500_conf.o(.text)
    wiz_cs                                   0x08003419   Thumb Code    32  w5500_conf.o(.text)
    iinchip_csoff                            0x08003439   Thumb Code    10  w5500_conf.o(.text)
    iinchip_cson                             0x08003443   Thumb Code    10  w5500_conf.o(.text)
    reset_w5500                              0x0800344d   Thumb Code    34  w5500_conf.o(.text)
    SPI_SendByte                             0x0800346f   Thumb Code    50  w5500_conf.o(.text)
    IINCHIP_SpiSendData                      0x080034a1   Thumb Code    12  w5500_conf.o(.text)
    IINCHIP_WRITE                            0x080034ad   Thumb Code    50  w5500_conf.o(.text)
    IINCHIP_READ                             0x080034df   Thumb Code    50  w5500_conf.o(.text)
    wiz_write_buf                            0x08003511   Thumb Code    80  w5500_conf.o(.text)
    wiz_read_buf                             0x08003561   Thumb Code    78  w5500_conf.o(.text)
    write_config_to_eeprom                   0x080035af   Thumb Code    22  w5500_conf.o(.text)
    read_config_from_eeprom                  0x080035c5   Thumb Code    20  w5500_conf.o(.text)
    timer2_init                              0x080035d9   Thumb Code    20  w5500_conf.o(.text)
    dhcp_timer_init                          0x080035ed   Thumb Code     8  w5500_conf.o(.text)
    ntp_timer_init                           0x080035f5   Thumb Code     8  w5500_conf.o(.text)
    timer2_isr                               0x080035fd   Thumb Code    46  w5500_conf.o(.text)
    reboot                                   0x0800362b   Thumb Code    18  w5500_conf.o(.text)
    setMR                                    0x080036a1   Thumb Code    14  w5500.o(.text)
    iinchip_init                             0x080036af   Thumb Code    10  w5500.o(.text)
    getIINCHIP_RxMAX                         0x080036b9   Thumb Code    10  w5500.o(.text)
    getIINCHIP_TxMAX                         0x080036c3   Thumb Code    10  w5500.o(.text)
    setGAR                                   0x080036cd   Thumb Code    16  w5500.o(.text)
    getGAR                                   0x080036dd   Thumb Code    16  w5500.o(.text)
    setSUBR                                  0x080036ed   Thumb Code    18  w5500.o(.text)
    setSHAR                                  0x080036ff   Thumb Code    18  w5500.o(.text)
    setSIPR                                  0x08003711   Thumb Code    18  w5500.o(.text)
    getSUBR                                  0x08003723   Thumb Code    18  w5500.o(.text)
    getSHAR                                  0x08003735   Thumb Code    18  w5500.o(.text)
    getSIPR                                  0x08003747   Thumb Code    18  w5500.o(.text)
    getIR                                    0x08003759   Thumb Code    12  w5500.o(.text)
    setRTR                                   0x08003765   Thumb Code    26  w5500.o(.text)
    setRCR                                   0x0800377f   Thumb Code    16  w5500.o(.text)
    clearIR                                  0x0800378f   Thumb Code    26  w5500.o(.text)
    setSn_MSS                                0x080037a9   Thumb Code    36  w5500.o(.text)
    setSn_TTL                                0x080037cd   Thumb Code    22  w5500.o(.text)
    getSn_IR                                 0x080037e3   Thumb Code    18  w5500.o(.text)
    setSn_IR                                 0x080037f5   Thumb Code    22  w5500.o(.text)
    getSn_SR                                 0x0800380b   Thumb Code    18  w5500.o(.text)
    getSn_TX_FSR                             0x0800381d   Thumb Code    84  w5500.o(.text)
    getSn_RX_RSR                             0x08003871   Thumb Code    84  w5500.o(.text)
    send_data_processing                     0x080038c5   Thumb Code   116  w5500.o(.text)
    recv_data_processing                     0x08003939   Thumb Code   116  w5500.o(.text)
    socket_buf_init                          0x080039ad   Thumb Code   128  w5500.o(.text)
    close                                    0x08003a75   Thumb Code    52  socket.o(.text)
    socket                                   0x08003aa9   Thumb Code   192  socket.o(.text)
    listen                                   0x08003b69   Thumb Code    62  socket.o(.text)
    connect                                  0x08003ba7   Thumb Code   248  socket.o(.text)
    disconnect                               0x08003c9f   Thumb Code    38  socket.o(.text)
    send                                     0x08003cc5   Thumb Code   216  socket.o(.text)
    recv                                     0x08003d9d   Thumb Code    66  socket.o(.text)
    sendto                                   0x08003ddf   Thumb Code   268  socket.o(.text)
    recvfrom                                 0x08003eeb   Thumb Code   510  socket.o(.text)
    systick_init                             0x08004101   Thumb Code    56  utility.o(.text)
    delay_ms                                 0x08004139   Thumb Code    56  utility.o(.text)
    delay_s                                  0x08004171   Thumb Code    22  utility.o(.text)
    delay_us                                 0x08004187   Thumb Code    56  utility.o(.text)
    c2d                                      0x080041bf   Thumb Code    54  utility.o(.text)
    atoi16                                   0x080041f5   Thumb Code    32  utility.o(.text)
    atoi32                                   0x08004215   Thumb Code    32  utility.o(.text)
    itoa                                     0x08004235   Thumb Code    64  utility.o(.text)
    validatoi                                0x08004275   Thumb Code    72  utility.o(.text)
    replacetochar                            0x080042bd   Thumb Code    26  utility.o(.text)
    swaps                                    0x080042d7   Thumb Code    14  utility.o(.text)
    swapl                                    0x080042e5   Thumb Code    28  utility.o(.text)
    mid                                      0x08004301   Thumb Code    68  utility.o(.text)
    inet_addr_                               0x08004345   Thumb Code    90  utility.o(.text)
    inet_ntoa                                0x0800439f   Thumb Code    40  utility.o(.text)
    inet_ntoa_pad                            0x080043c7   Thumb Code    40  utility.o(.text)
    verify_ip_address                        0x080043ef   Thumb Code   116  utility.o(.text)
    htons                                    0x08004463   Thumb Code    12  utility.o(.text)
    htonl                                    0x0800446f   Thumb Code    12  utility.o(.text)
    ntohs                                    0x0800447b   Thumb Code    12  utility.o(.text)
    ntohl                                    0x08004487   Thumb Code    12  utility.o(.text)
    checksum                                 0x08004493   Thumb Code    76  utility.o(.text)
    check_dest_in_local                      0x080044df   Thumb Code   116  utility.o(.text)
    do_tcp_server                            0x08004555   Thumb Code   128  tcp_demo.o(.text)
    do_tcp_client                            0x080045d5   Thumb Code   108  tcp_demo.o(.text)
    ADC_GPIO_Configuration                   0x0800465d   Thumb Code    60  dma_adc.o(.text)
    ADC_DMA_Configuration                    0x08004699   Thumb Code   128  dma_adc.o(.text)
    ADC_Configuration                        0x08004719   Thumb Code   302  dma_adc.o(.text)
    ADC_Initializes                          0x08004847   Thumb Code    16  dma_adc.o(.text)
    __aeabi_memset                           0x08004871   Thumb Code    14  memseta.o(.text)
    __aeabi_memset4                          0x08004871   Thumb Code     0  memseta.o(.text)
    __aeabi_memset8                          0x08004871   Thumb Code     0  memseta.o(.text)
    __aeabi_memclr                           0x0800487f   Thumb Code     4  memseta.o(.text)
    __aeabi_memclr4                          0x0800487f   Thumb Code     0  memseta.o(.text)
    __aeabi_memclr8                          0x0800487f   Thumb Code     0  memseta.o(.text)
    _memset$wrapper                          0x08004883   Thumb Code    18  memseta.o(.text)
    strstr                                   0x08004895   Thumb Code    36  strstr.o(.text)
    strncpy                                  0x080048b9   Thumb Code    24  strncpy.o(.text)
    strlen                                   0x080048d1   Thumb Code    14  strlen.o(.text)
    strcpy                                   0x080048df   Thumb Code    18  strcpy.o(.text)
    strtok                                   0x080048f1   Thumb Code    62  strtok.o(.text)
    __aeabi_fdiv                             0x08004935   Thumb Code   124  fdiv.o(.text)
    __aeabi_dmul                             0x080049b1   Thumb Code   228  dmul.o(.text)
    __aeabi_ui2f                             0x08004a95   Thumb Code    10  ffltui.o(.text)
    __aeabi_d2uiz                            0x08004a9f   Thumb Code    50  dfixui.o(.text)
    __aeabi_f2d                              0x08004ad1   Thumb Code    38  f2d.o(.text)
    __aeabi_uidiv                            0x08004af7   Thumb Code     0  uidiv.o(.text)
    __aeabi_uidivmod                         0x08004af7   Thumb Code    44  uidiv.o(.text)
    __aeabi_uldivmod                         0x08004b23   Thumb Code    98  uldiv.o(.text)
    __aeabi_llsr                             0x08004b85   Thumb Code    32  llushr.o(.text)
    _ll_ushift_r                             0x08004b85   Thumb Code     0  llushr.o(.text)
    __I$use$fp                               0x08004ba5   Thumb Code     0  iusefp.o(.text)
    _float_round                             0x08004ba5   Thumb Code    18  fepilogue.o(.text)
    _float_epilogue                          0x08004bb7   Thumb Code    92  fepilogue.o(.text)
    _double_round                            0x08004c13   Thumb Code    30  depilogue.o(.text)
    _double_epilogue                         0x08004c31   Thumb Code   156  depilogue.o(.text)
    __aeabi_dadd                             0x08004ccd   Thumb Code   322  dadd.o(.text)
    __aeabi_dsub                             0x08004e0f   Thumb Code     6  dadd.o(.text)
    __aeabi_drsub                            0x08004e15   Thumb Code     6  dadd.o(.text)
    __aeabi_ddiv                             0x08004e1b   Thumb Code   222  ddiv.o(.text)
    __aeabi_d2ulz                            0x08004ef9   Thumb Code    48  dfixul.o(.text)
    __aeabi_cdrcmple                         0x08004f29   Thumb Code    48  cdrcmple.o(.text)
    __scatterload                            0x08004f59   Thumb Code    28  init.o(.text)
    __scatterload_rt2                        0x08004f59   Thumb Code     0  init.o(.text)
    __aeabi_llsl                             0x08004f7d   Thumb Code    30  llshl.o(.text)
    _ll_shift_l                              0x08004f7d   Thumb Code     0  llshl.o(.text)
    __aeabi_lasr                             0x08004f9b   Thumb Code    36  llsshr.o(.text)
    _ll_sshift_r                             0x08004f9b   Thumb Code     0  llsshr.o(.text)
    __0printf                                0x08004fc1   Thumb Code    22  printfa.o(i.__0printf)
    __1printf                                0x08004fc1   Thumb Code     0  printfa.o(i.__0printf)
    __2printf$full                           0x08004fc1   Thumb Code     0  printfa.o(i.__0printf)
    __c89printf                              0x08004fc1   Thumb Code     0  printfa.o(i.__0printf)
    printf                                   0x08004fc1   Thumb Code     0  printfa.o(i.__0printf)
    __0printf$8                              0x08004fe1   Thumb Code    22  printf8.o(i.__0printf$8)
    __1printf$8                              0x08004fe1   Thumb Code     0  printf8.o(i.__0printf$8)
    __2printf                                0x08004fe1   Thumb Code     0  printf8.o(i.__0printf$8)
    __0sprintf$8                             0x08005001   Thumb Code    34  printf8.o(i.__0sprintf$8)
    __1sprintf$8                             0x08005001   Thumb Code     0  printf8.o(i.__0sprintf$8)
    __2sprintf                               0x08005001   Thumb Code     0  printf8.o(i.__0sprintf$8)
    __scatterload_copy                       0x08005029   Thumb Code    14  handlers.o(i.__scatterload_copy)
    __scatterload_null                       0x08005037   Thumb Code     2  handlers.o(i.__scatterload_null)
    __scatterload_zeroinit                   0x08005039   Thumb Code    14  handlers.o(i.__scatterload_zeroinit)
    Region$$Table$$Base                      0x08005d34   Number         0  anon$$obj.o(Region$$Table)
    Region$$Table$$Limit                     0x08005d54   Number         0  anon$$obj.o(Region$$Table)
    SystemCoreClock                          0x20000000   Data           4  system_stm32f10x.o(.data)
    AHBPrescTable                            0x20000004   Data          16  system_stm32f10x.o(.data)
    gc                                       0x20000028   Data           1  main.o(.data)
    lc                                       0x20000029   Data           1  main.o(.data)
    rc                                       0x2000002a   Data           1  main.o(.data)
    r                                        0x2000002b   Data           1  main.o(.data)
    l                                        0x2000002c   Data           1  main.o(.data)
    Flag_over                                0x2000002d   Data           1  main.o(.data)
    times                                    0x2000002e   Data           2  main.o(.data)
    List_A                                   0x20000030   Data          13  main.o(.data)
    List_B                                   0x2000003d   Data          13  main.o(.data)
    List_C                                   0x2000004a   Data          13  main.o(.data)
    List_D                                   0x20000057   Data          13  main.o(.data)
    List_G1                                  0x20000064   Data           4  main.o(.data)
    List_G2                                  0x20000068   Data           4  main.o(.data)
    List_G3                                  0x2000006c   Data           4  main.o(.data)
    List_G4                                  0x20000070   Data           4  main.o(.data)
    Row_S1                                   0x20000074   Data           4  main.o(.data)
    Row_S2                                   0x20000078   Data           4  main.o(.data)
    Row_S3                                   0x2000007c   Data           4  main.o(.data)
    Lists                                    0x20000080   Data          44  main.o(.data)
    Voltage_max                              0x200000ac   Data           2  main.o(.data)
    Row                                      0x200000ae   Data           1  main.o(.data)
    List                                     0x200000af   Data           1  main.o(.data)
    mac                                      0x200000b0   Data           6  w5500_conf.o(.data)
    local_ip                                 0x200000b6   Data           4  w5500_conf.o(.data)
    subnet                                   0x200000ba   Data           4  w5500_conf.o(.data)
    gateway                                  0x200000be   Data           4  w5500_conf.o(.data)
    dns_server                               0x200000c2   Data           4  w5500_conf.o(.data)
    local_port                               0x200000c6   Data           2  w5500_conf.o(.data)
    remote_ip                                0x200000c8   Data           4  w5500_conf.o(.data)
    remote_port                              0x200000cc   Data           2  w5500_conf.o(.data)
    ip_from                                  0x200000ce   Data           1  w5500_conf.o(.data)
    dhcp_ok                                  0x200000cf   Data           1  w5500_conf.o(.data)
    ms                                       0x200000d0   Data           4  w5500_conf.o(.data)
    dhcp_time                                0x200000d4   Data           4  w5500_conf.o(.data)
    ntptimer                                 0x200000d8   Data           1  w5500_conf.o(.data)
    SSIZE                                    0x200000da   Data          16  w5500.o(.data)
    RSIZE                                    0x200000ea   Data          16  w5500.o(.data)
    txsize                                   0x200000fa   Data           8  w5500.o(.data)
    rxsize                                   0x20000102   Data           8  w5500.o(.data)
    ADC_ConvertedValue                       0x2000010e   Data           2  dma_adc.o(.data)
    __stdout                                 0x20000114   Data           4  stdout.o(.data)
    VoltageS                                 0x20000118   Data        4576  main.o(.bss)
    ConfigMsg                                0x200012f8   Data          28  w5500_conf.o(.bss)
    EEPROM_MSG                               0x20001314   Data          18  w5500_conf.o(.bss)
    DHCP_GET                                 0x20001356   Data          22  dhcp.o(.bss)
    EXTERN_DHCPBUF                           0x2000136c   Data        1024  dhcp.o(.bss)
    buff                                     0x2000176c   Data        8192  tcp_demo.o(.bss)
    Voltage                                  0x2000376c   Data        8192  tcp_demo.o(.bss)
    __initial_sp                             0x20006770   Data           0  startup_stm32f10x_hd.o(STACK)



==============================================================================

Memory Map of the image

  Image Entry point : 0x08000131

  Load Region LR_IROM1 (Base: 0x08000000, Size: 0x00005e6c, Max: 0x00040000, ABSOLUTE)

    Execution Region ER_IROM1 (Exec base: 0x08000000, Load base: 0x08000000, Size: 0x00005d54, Max: 0x00040000, ABSOLUTE)

    Exec Addr    Load Addr    Size         Type   Attr      Idx    E Section Name        Object

    0x08000000   0x08000000   0x00000130   Data   RO            3    RESET               startup_stm32f10x_hd.o
    0x08000130   0x08000130   0x00000000   Code   RO          592  * .ARM.Collect$$$$00000000  mc_w.l(entry.o)
    0x08000130   0x08000130   0x00000004   Code   RO          884    .ARM.Collect$$$$00000001  mc_w.l(entry2.o)
    0x08000134   0x08000134   0x00000004   Code   RO          887    .ARM.Collect$$$$00000004  mc_w.l(entry5.o)
    0x08000138   0x08000138   0x00000000   Code   RO          889    .ARM.Collect$$$$00000008  mc_w.l(entry7b.o)
    0x08000138   0x08000138   0x00000000   Code   RO          891    .ARM.Collect$$$$0000000A  mc_w.l(entry8b.o)
    0x08000138   0x08000138   0x00000008   Code   RO          892    .ARM.Collect$$$$0000000B  mc_w.l(entry9a.o)
    0x08000140   0x08000140   0x00000004   Code   RO          899    .ARM.Collect$$$$0000000E  mc_w.l(entry12b.o)
    0x08000144   0x08000144   0x00000000   Code   RO          894    .ARM.Collect$$$$0000000F  mc_w.l(entry10a.o)
    0x08000144   0x08000144   0x00000000   Code   RO          896    .ARM.Collect$$$$00000011  mc_w.l(entry11a.o)
    0x08000144   0x08000144   0x00000004   Code   RO          885    .ARM.Collect$$$$00002712  mc_w.l(entry2.o)
    0x08000148   0x08000148   0x00000024   Code   RO            4    .text               startup_stm32f10x_hd.o
    0x0800016c   0x0800016c   0x000001e0   Code   RO           24    .text               system_stm32f10x.o
    0x0800034c   0x0800034c   0x000000dc   Code   RO          121    .text               misc.o
    0x08000428   0x08000428   0x0000035c   Code   RO          173    .text               stm32f10x_gpio.o
    0x08000784   0x08000784   0x000003a4   Code   RO          185    .text               stm32f10x_rcc.o
    0x08000b28   0x08000b28   0x0000030c   Code   RO          199    .text               stm32f10x_spi.o
    0x08000e34   0x08000e34   0x00000e1a   Code   RO          211    .text               stm32f10x_tim.o
    0x08001c4e   0x08001c4e   0x00000002   PAD
    0x08001c50   0x08001c50   0x00000408   Code   RO          223    .text               stm32f10x_usart.o
    0x08002058   0x08002058   0x0000044e   Code   RO          235    .text               stm32f10x_adc.o
    0x080024a6   0x080024a6   0x00000002   PAD
    0x080024a8   0x080024a8   0x00000254   Code   RO          247    .text               stm32f10x_dma.o
    0x080026fc   0x080026fc   0x000005a8   Code   RO          259    .text               main.o
    0x08002ca4   0x08002ca4   0x00000034   Code   RO          325    .text               stm32f10x_it.o
    0x08002cd8   0x08002cd8   0x000000b4   Code   RO          344    .text               bsp_usart1.o
    0x08002d8c   0x08002d8c   0x000002ec   Code   RO          368    .text               bsp_i2c_ee.o
    0x08003078   0x08003078   0x000001bc   Code   RO          383    .text               bsp_i2c_gpio.o
    0x08003234   0x08003234   0x0000007a   Code   RO          395    .text               bsp_timbase.o
    0x080032ae   0x080032ae   0x00000002   PAD
    0x080032b0   0x080032b0   0x000003f0   Code   RO          410    .text               w5500_conf.o
    0x080036a0   0x080036a0   0x000003d4   Code   RO          444    .text               w5500.o
    0x08003a74   0x08003a74   0x0000068c   Code   RO          469    .text               socket.o
    0x08004100   0x08004100   0x00000452   Code   RO          492    .text               utility.o
    0x08004552   0x08004552   0x00000002   PAD
    0x08004554   0x08004554   0x00000108   Code   RO          547    .text               tcp_demo.o
    0x0800465c   0x0800465c   0x00000214   Code   RO          577    .text               dma_adc.o
    0x08004870   0x08004870   0x00000024   Code   RO          595    .text               mc_w.l(memseta.o)
    0x08004894   0x08004894   0x00000024   Code   RO          597    .text               mc_w.l(strstr.o)
    0x080048b8   0x080048b8   0x00000018   Code   RO          599    .text               mc_w.l(strncpy.o)
    0x080048d0   0x080048d0   0x0000000e   Code   RO          601    .text               mc_w.l(strlen.o)
    0x080048de   0x080048de   0x00000012   Code   RO          605    .text               mc_w.l(strcpy.o)
    0x080048f0   0x080048f0   0x00000044   Code   RO          607    .text               mc_w.l(strtok.o)
    0x08004934   0x08004934   0x0000007c   Code   RO          874    .text               mf_w.l(fdiv.o)
    0x080049b0   0x080049b0   0x000000e4   Code   RO          876    .text               mf_w.l(dmul.o)
    0x08004a94   0x08004a94   0x0000000a   Code   RO          878    .text               mf_w.l(ffltui.o)
    0x08004a9e   0x08004a9e   0x00000032   Code   RO          880    .text               mf_w.l(dfixui.o)
    0x08004ad0   0x08004ad0   0x00000026   Code   RO          882    .text               mf_w.l(f2d.o)
    0x08004af6   0x08004af6   0x0000002c   Code   RO          901    .text               mc_w.l(uidiv.o)
    0x08004b22   0x08004b22   0x00000062   Code   RO          903    .text               mc_w.l(uldiv.o)
    0x08004b84   0x08004b84   0x00000020   Code   RO          905    .text               mc_w.l(llushr.o)
    0x08004ba4   0x08004ba4   0x00000000   Code   RO          907    .text               mc_w.l(iusefp.o)
    0x08004ba4   0x08004ba4   0x0000006e   Code   RO          908    .text               mf_w.l(fepilogue.o)
    0x08004c12   0x08004c12   0x000000ba   Code   RO          910    .text               mf_w.l(depilogue.o)
    0x08004ccc   0x08004ccc   0x0000014e   Code   RO          912    .text               mf_w.l(dadd.o)
    0x08004e1a   0x08004e1a   0x000000de   Code   RO          914    .text               mf_w.l(ddiv.o)
    0x08004ef8   0x08004ef8   0x00000030   Code   RO          916    .text               mf_w.l(dfixul.o)
    0x08004f28   0x08004f28   0x00000030   Code   RO          918    .text               mf_w.l(cdrcmple.o)
    0x08004f58   0x08004f58   0x00000024   Code   RO          920    .text               mc_w.l(init.o)
    0x08004f7c   0x08004f7c   0x0000001e   Code   RO          922    .text               mc_w.l(llshl.o)
    0x08004f9a   0x08004f9a   0x00000024   Code   RO          924    .text               mc_w.l(llsshr.o)
    0x08004fbe   0x08004fbe   0x00000002   PAD
    0x08004fc0   0x08004fc0   0x00000020   Code   RO          846    i.__0printf         mc_w.l(printfa.o)
    0x08004fe0   0x08004fe0   0x00000020   Code   RO          820    i.__0printf$8       mc_w.l(printf8.o)
    0x08005000   0x08005000   0x00000028   Code   RO          822    i.__0sprintf$8      mc_w.l(printf8.o)
    0x08005028   0x08005028   0x0000000e   Code   RO          928    i.__scatterload_copy  mc_w.l(handlers.o)
    0x08005036   0x08005036   0x00000002   Code   RO          929    i.__scatterload_null  mc_w.l(handlers.o)
    0x08005038   0x08005038   0x0000000e   Code   RO          930    i.__scatterload_zeroinit  mc_w.l(handlers.o)
    0x08005046   0x08005046   0x00000002   PAD
    0x08005048   0x08005048   0x00000184   Code   RO          853    i._fp_digits        mc_w.l(printfa.o)
    0x080051cc   0x080051cc   0x00000404   Code   RO          827    i._printf_core      mc_w.l(printf8.o)
    0x080055d0   0x080055d0   0x000006b4   Code   RO          854    i._printf_core      mc_w.l(printfa.o)
    0x08005c84   0x08005c84   0x00000024   Code   RO          828    i._printf_post_padding  mc_w.l(printf8.o)
    0x08005ca8   0x08005ca8   0x00000024   Code   RO          855    i._printf_post_padding  mc_w.l(printfa.o)
    0x08005ccc   0x08005ccc   0x0000002e   Code   RO          829    i._printf_pre_padding  mc_w.l(printf8.o)
    0x08005cfa   0x08005cfa   0x0000002e   Code   RO          856    i._printf_pre_padding  mc_w.l(printfa.o)
    0x08005d28   0x08005d28   0x0000000a   Code   RO          831    i._sputc            mc_w.l(printf8.o)
    0x08005d32   0x08005d32   0x00000002   PAD
    0x08005d34   0x08005d34   0x00000020   Data   RO          926    Region$$Table       anon$$obj.o


    Execution Region RW_IRAM1 (Exec base: 0x20000000, Load base: 0x08005d54, Size: 0x00006770, Max: 0x0000c000, ABSOLUTE)

    Exec Addr    Load Addr    Size         Type   Attr      Idx    E Section Name        Object

    0x20000000   0x08005d54   0x00000014   Data   RW           25    .data               system_stm32f10x.o
    0x20000014   0x08005d68   0x00000014   Data   RW          186    .data               stm32f10x_rcc.o
    0x20000028   0x08005d7c   0x00000088   Data   RW          261    .data               main.o
    0x200000b0   0x08005e04   0x00000029   Data   RW          412    .data               w5500_conf.o
    0x200000d9   0x08005e2d   0x00000001   PAD
    0x200000da   0x08005e2e   0x00000030   Data   RW          445    .data               w5500.o
    0x2000010a   0x08005e5e   0x00000004   Data   RW          494    .data               utility.o
    0x2000010e   0x08005e62   0x00000002   Data   RW          578    .data               dma_adc.o
    0x20000110   0x08005e64   0x00000004   Data   RW          608    .data               mc_w.l(strtok.o)
    0x20000114   0x08005e68   0x00000004   Data   RW          900    .data               mc_w.l(stdout.o)
    0x20000118        -       0x000011e0   Zero   RW          260    .bss                main.o
    0x200012f8        -       0x0000002e   Zero   RW          411    .bss                w5500_conf.o
    0x20001326        -       0x00000030   Zero   RW          493    .bss                utility.o
    0x20001356        -       0x00000416   Zero   RW          523    .bss                dhcp.o
    0x2000176c        -       0x00004000   Zero   RW          548    .bss                tcp_demo.o
    0x2000576c   0x08005e6c   0x00000004   PAD
    0x20005770        -       0x00001000   Zero   RW            1    STACK               startup_stm32f10x_hd.o


==============================================================================

Image component sizes


      Code (inc. data)   RO Data    RW Data    ZI Data      Debug   Object Name

       748        234          0          0          0       2989   bsp_i2c_ee.o
       444          6          0          0          0       2156   bsp_i2c_gpio.o
       122          0          0          0          0        841   bsp_timbase.o
       180         10          0          0          0       1168   bsp_usart1.o
         0          0          0          0          0       4508   core_cm3.o
         0          0          0          0       1046       4838   dhcp.o
       532         26          0          2          0       2238   dma_adc.o
      1448        166          0        136       4576       6403   main.o
       220         22          0          0          0       2033   misc.o
      1676         48          0          0          0       5211   socket.o
        36          8        304          0       4096        944   startup_stm32f10x_hd.o
      1102         26          0          0          0      11273   stm32f10x_adc.o
       596          8          0          0          0       4598   stm32f10x_dma.o
       860         38          0          0          0       5961   stm32f10x_gpio.o
        52          0          0          0          0       1510   stm32f10x_it.o
       932         36          0         20          0       9252   stm32f10x_rcc.o
       780         14          0          0          0       6850   stm32f10x_spi.o
      3610         88          0          0          0      23076   stm32f10x_tim.o
      1032         22          0          0          0       8692   stm32f10x_usart.o
       480         38          0         20          0     277419   system_stm32f10x.o
       264         28          0          0      16384       2709   tcp_demo.o
      1106         54          0          4         48       7414   utility.o
       980         72          0         48          0       6612   w5500.o
      1008        100          0         41         46       8399   w5500_conf.o

    ----------------------------------------------------------------------
     18216       1044        336        272      26200     407094   Object Totals
         0          0         32          0          0          0   (incl. Generated)
         8          0          0          1          4          0   (incl. Padding)

    ----------------------------------------------------------------------

      Code (inc. data)   RO Data    RW Data    ZI Data      Debug   Library Member Name

         0          0          0          0          0          0   entry.o
         0          0          0          0          0          0   entry10a.o
         0          0          0          0          0          0   entry11a.o
         4          0          0          0          0          0   entry12b.o
         8          4          0          0          0          0   entry2.o
         4          0          0          0          0          0   entry5.o
         0          0          0          0          0          0   entry7b.o
         0          0          0          0          0          0   entry8b.o
         8          4          0          0          0          0   entry9a.o
        30          0          0          0          0          0   handlers.o
        36          8          0          0          0         68   init.o
         0          0          0          0          0          0   iusefp.o
        30          0          0          0          0         68   llshl.o
        36          0          0          0          0         68   llsshr.o
        32          0          0          0          0         68   llushr.o
        36          0          0          0          0        108   memseta.o
      1192         60          0          0          0        504   printf8.o
      2218         90          0          0          0        464   printfa.o
         0          0          0          4          0          0   stdout.o
        18          0          0          0          0         68   strcpy.o
        14          0          0          0          0         68   strlen.o
        24          0          0          0          0         76   strncpy.o
        36          0          0          0          0         80   strstr.o
        68          6          0          4          0         80   strtok.o
        44          0          0          0          0         80   uidiv.o
        98          0          0          0          0         92   uldiv.o
        48          0          0          0          0         68   cdrcmple.o
       334          0          0          0          0        148   dadd.o
       222          0          0          0          0        100   ddiv.o
       186          0          0          0          0        176   depilogue.o
        50          0          0          0          0         76   dfixui.o
        48          0          0          0          0         68   dfixul.o
       228          0          0          0          0         96   dmul.o
        38          0          0          0          0         68   f2d.o
       124          0          0          0          0         88   fdiv.o
       110          0          0          0          0        168   fepilogue.o
        10          0          0          0          0         68   ffltui.o

    ----------------------------------------------------------------------
      5340        172          0          8          0       3016   Library Totals
         6          0          0          0          0          0   (incl. Padding)

    ----------------------------------------------------------------------

      Code (inc. data)   RO Data    RW Data    ZI Data      Debug   Library Name

      3936        172          0          8          0       1892   mc_w.l
      1398          0          0          0          0       1124   mf_w.l

    ----------------------------------------------------------------------
      5340        172          0          8          0       3016   Library Totals

    ----------------------------------------------------------------------

==============================================================================


      Code (inc. data)   RO Data    RW Data    ZI Data      Debug   

     23556       1216        336        280      26200     406622   Grand Totals
     23556       1216        336        280      26200     406622   ELF Image Totals
     23556       1216        336        280          0          0   ROM Totals

==============================================================================

    Total RO  Size (Code + RO Data)                23892 (  23.33kB)
    Total RW  Size (RW Data + ZI Data)             26480 (  25.86kB)
    Total ROM Size (Code + RO Data + RW Data)      24172 (  23.61kB)

==============================================================================

